Archive member included to satisfy reference by file (symbol)

C:/Users/VagnerSilva/.mcuxpressotools/arm-gnu-toolchain-14.2.rel1-mingw-w64-x86_64-arm-none-eabi/bin/../lib/gcc/arm-none-eabi/14.2.1/thumb/v6-m/nofp\libc_nano.a(libc_a-abs.o)
                              CMakeFiles/lpi2c_polling_b2b_slave.elf.dir/Ssd1306/Src/ssd1306.c.obj (abs)
C:/Users/VagnerSilva/.mcuxpressotools/arm-gnu-toolchain-14.2.rel1-mingw-w64-x86_64-arm-none-eabi/bin/../lib/gcc/arm-none-eabi/14.2.1/thumb/v6-m/nofp\libc_nano.a(libc_a-exit.o)
                              C:/Users/VagnerSilva/.mcuxpressotools/arm-gnu-toolchain-14.2.rel1-mingw-w64-x86_64-arm-none-eabi/bin/../lib/gcc/arm-none-eabi/14.2.1/thumb/v6-m/nofp/crt0.o (exit)
C:/Users/VagnerSilva/.mcuxpressotools/arm-gnu-toolchain-14.2.rel1-mingw-w64-x86_64-arm-none-eabi/bin/../lib/gcc/arm-none-eabi/14.2.1/thumb/v6-m/nofp\libc_nano.a(libc_a-malloc.o)
                              CMakeFiles/lpi2c_polling_b2b_slave.elf.dir/drivers/fsl_common.c.obj (malloc)
C:/Users/VagnerSilva/.mcuxpressotools/arm-gnu-toolchain-14.2.rel1-mingw-w64-x86_64-arm-none-eabi/bin/../lib/gcc/arm-none-eabi/14.2.1/thumb/v6-m/nofp\libc_nano.a(libc_a-mallocr.o)
                              C:/Users/VagnerSilva/.mcuxpressotools/arm-gnu-toolchain-14.2.rel1-mingw-w64-x86_64-arm-none-eabi/bin/../lib/gcc/arm-none-eabi/14.2.1/thumb/v6-m/nofp\libc_nano.a(libc_a-malloc.o) (_malloc_r)
C:/Users/VagnerSilva/.mcuxpressotools/arm-gnu-toolchain-14.2.rel1-mingw-w64-x86_64-arm-none-eabi/bin/../lib/gcc/arm-none-eabi/14.2.1/thumb/v6-m/nofp\libc_nano.a(libc_a-mlock.o)
                              C:/Users/VagnerSilva/.mcuxpressotools/arm-gnu-toolchain-14.2.rel1-mingw-w64-x86_64-arm-none-eabi/bin/../lib/gcc/arm-none-eabi/14.2.1/thumb/v6-m/nofp\libc_nano.a(libc_a-mallocr.o) (__malloc_lock)
C:/Users/VagnerSilva/.mcuxpressotools/arm-gnu-toolchain-14.2.rel1-mingw-w64-x86_64-arm-none-eabi/bin/../lib/gcc/arm-none-eabi/14.2.1/thumb/v6-m/nofp\libc_nano.a(libc_a-strtoul.o)
                              CMakeFiles/lpi2c_polling_b2b_slave.elf.dir/utilities/str/fsl_str.c.obj (strtoul)
C:/Users/VagnerSilva/.mcuxpressotools/arm-gnu-toolchain-14.2.rel1-mingw-w64-x86_64-arm-none-eabi/bin/../lib/gcc/arm-none-eabi/14.2.1/thumb/v6-m/nofp\libc_nano.a(libc_a-ctype_.o)
                              C:/Users/VagnerSilva/.mcuxpressotools/arm-gnu-toolchain-14.2.rel1-mingw-w64-x86_64-arm-none-eabi/bin/../lib/gcc/arm-none-eabi/14.2.1/thumb/v6-m/nofp\libc_nano.a(libc_a-strtoul.o) (_ctype_)
C:/Users/VagnerSilva/.mcuxpressotools/arm-gnu-toolchain-14.2.rel1-mingw-w64-x86_64-arm-none-eabi/bin/../lib/gcc/arm-none-eabi/14.2.1/thumb/v6-m/nofp\libc_nano.a(libc_a-findfp.o)
                              C:/Users/VagnerSilva/.mcuxpressotools/arm-gnu-toolchain-14.2.rel1-mingw-w64-x86_64-arm-none-eabi/bin/../lib/gcc/arm-none-eabi/14.2.1/thumb/v6-m/nofp\libc_nano.a(libc_a-exit.o) (__stdio_exit_handler)
C:/Users/VagnerSilva/.mcuxpressotools/arm-gnu-toolchain-14.2.rel1-mingw-w64-x86_64-arm-none-eabi/bin/../lib/gcc/arm-none-eabi/14.2.1/thumb/v6-m/nofp\libc_nano.a(libc_a-fwalk.o)
                              C:/Users/VagnerSilva/.mcuxpressotools/arm-gnu-toolchain-14.2.rel1-mingw-w64-x86_64-arm-none-eabi/bin/../lib/gcc/arm-none-eabi/14.2.1/thumb/v6-m/nofp\libc_nano.a(libc_a-findfp.o) (_fwalk_sglue)
C:/Users/VagnerSilva/.mcuxpressotools/arm-gnu-toolchain-14.2.rel1-mingw-w64-x86_64-arm-none-eabi/bin/../lib/gcc/arm-none-eabi/14.2.1/thumb/v6-m/nofp\libc_nano.a(libc_a-sprintf.o)
                              CMakeFiles/lpi2c_polling_b2b_slave.elf.dir/source/main.c.obj (sprintf)
C:/Users/VagnerSilva/.mcuxpressotools/arm-gnu-toolchain-14.2.rel1-mingw-w64-x86_64-arm-none-eabi/bin/../lib/gcc/arm-none-eabi/14.2.1/thumb/v6-m/nofp\libc_nano.a(libc_a-stdio.o)
                              C:/Users/VagnerSilva/.mcuxpressotools/arm-gnu-toolchain-14.2.rel1-mingw-w64-x86_64-arm-none-eabi/bin/../lib/gcc/arm-none-eabi/14.2.1/thumb/v6-m/nofp\libc_nano.a(libc_a-findfp.o) (__sread)
C:/Users/VagnerSilva/.mcuxpressotools/arm-gnu-toolchain-14.2.rel1-mingw-w64-x86_64-arm-none-eabi/bin/../lib/gcc/arm-none-eabi/14.2.1/thumb/v6-m/nofp\libc_nano.a(libc_a-memset.o)
                              C:/Users/VagnerSilva/.mcuxpressotools/arm-gnu-toolchain-14.2.rel1-mingw-w64-x86_64-arm-none-eabi/bin/../lib/gcc/arm-none-eabi/14.2.1/thumb/v6-m/nofp/crt0.o (memset)
C:/Users/VagnerSilva/.mcuxpressotools/arm-gnu-toolchain-14.2.rel1-mingw-w64-x86_64-arm-none-eabi/bin/../lib/gcc/arm-none-eabi/14.2.1/thumb/v6-m/nofp\libc_nano.a(libc_a-closer.o)
                              C:/Users/VagnerSilva/.mcuxpressotools/arm-gnu-toolchain-14.2.rel1-mingw-w64-x86_64-arm-none-eabi/bin/../lib/gcc/arm-none-eabi/14.2.1/thumb/v6-m/nofp\libc_nano.a(libc_a-stdio.o) (_close_r)
C:/Users/VagnerSilva/.mcuxpressotools/arm-gnu-toolchain-14.2.rel1-mingw-w64-x86_64-arm-none-eabi/bin/../lib/gcc/arm-none-eabi/14.2.1/thumb/v6-m/nofp\libc_nano.a(libc_a-reent.o)
[...]
Memory Configuration

Name             Origin             Length             Attributes
m_interrupts     0x00000000         0x00000140         xr
m_flash_config   0x00000400         0x00000010         xr
m_text           0x00000410         0x0007fbf0         xr
m_data           0x1fff8000         0x00020000         rw
m_usb_sram       0x40100000         0x00000800         rw
*default*        0x00000000         0xffffffff

Linker script and memory map

LOAD C:/Users/VagnerSilva/.mcuxpressotools/arm-gnu-toolchain-14.2.rel1-mingw-w64-x86_64-arm-none-eabi/bin/../lib/gcc/arm-none-eabi/14.2.1/thumb/v6-m/nofp/crti.o
LOAD C:/Users/VagnerSilva/.mcuxpressotools/arm-gnu-toolchain-14.2.rel1-mingw-w64-x86_64-arm-none-eabi/bin/../lib/gcc/arm-none-eabi/14.2.1/thumb/v6-m/nofp/crtbegin.o
LOAD C:/Users/VagnerSilva/.mcuxpressotools/arm-gnu-toolchain-14.2.rel1-mingw-w64-x86_64-arm-none-eabi/bin/../lib/gcc/arm-none-eabi/14.2.1/thumb/v6-m/nofp/crt0.o
LOAD CMakeFiles/lpi2c_polling_b2b_slave.elf.dir/board/board.c.obj
LOAD CMakeFiles/lpi2c_polling_b2b_slave.elf.dir/board/clock_config.c.obj
LOAD CMakeFiles/lpi2c_polling_b2b_slave.elf.dir/board/hardware_init.c.obj
LOAD CMakeFiles/lpi2c_polling_b2b_slave.elf.dir/board/peripherals.c.obj
LOAD CMakeFiles/lpi2c_polling_b2b_slave.elf.dir/board/pin_mux.c.obj
LOAD CMakeFiles/lpi2c_polling_b2b_slave.elf.dir/source/main.c.obj
LOAD CMakeFiles/lpi2c_polling_b2b_slave.elf.dir/Ssd1306/Src/image.c.obj
LOAD CMakeFiles/lpi2c_polling_b2b_slave.elf.dir/Ssd1306/Src/ssd1306.c.obj
LOAD CMakeFiles/lpi2c_polling_b2b_slave.elf.dir/Ssd1306/Src/ssd1306_fonts.c.obj
LOAD CMakeFiles/lpi2c_polling_b2b_slave.elf.dir/component/uart/fsl_adapter_lpuart.c.obj
LOAD CMakeFiles/lpi2c_polling_b2b_slave.elf.dir/startup/gcc/startup_K32L2A41A.S.obj
LOAD CMakeFiles/lpi2c_polling_b2b_slave.elf.dir/device/system_K32L2A41A.c.obj
LOAD CMakeFiles/lpi2c_polling_b2b_slave.elf.dir/drivers/fsl_clock.c.obj
LOAD CMakeFiles/lpi2c_polling_b2b_slave.elf.dir/drivers/fsl_common.c.obj
LOAD CMakeFiles/lpi2c_polling_b2b_slave.elf.dir/drivers/fsl_common_arm.c.obj
LOAD CMakeFiles/lpi2c_polling_b2b_slave.elf.dir/drivers/fsl_gpio.c.obj
LOAD CMakeFiles/lpi2c_polling_b2b_slave.elf.dir/drivers/fsl_lpi2c.c.obj
LOAD CMakeFiles/lpi2c_polling_b2b_slave.elf.dir/drivers/fsl_lpuart.c.obj
LOAD CMakeFiles/lpi2c_polling_b2b_slave.elf.dir/drivers/fsl_smc.c.obj
LOAD CMakeFiles/lpi2c_polling_b2b_slave.elf.dir/utilities/fsl_syscall_stub.c.obj
LOAD CMakeFiles/lpi2c_polling_b2b_slave.elf.dir/utilities/fsl_sbrk.c.obj
LOAD CMakeFiles/lpi2c_polling_b2b_slave.elf.dir/utilities/fsl_assert.c.obj
LOAD CMakeFiles/lpi2c_polling_b2b_slave.elf.dir/utilities/debug_console_lite/fsl_debug_console.c.obj
LOAD CMakeFiles/lpi2c_polling_b2b_slave.elf.dir/utilities/str/fsl_str.c.obj
START GROUP
LOAD C:/Users/VagnerSilva/.mcuxpressotools/arm-gnu-toolchain-14.2.rel1-mingw-w64-x86_64-arm-none-eabi/bin/../lib/gcc/arm-none-eabi/14.2.1/thumb/v6-m/nofp\libm.a
LOAD C:/Users/VagnerSilva/.mcuxpressotools/arm-gnu-toolchain-14.2.rel1-mingw-w64-x86_64-arm-none-eabi/bin/../lib/gcc/arm-none-eabi/14.2.1/thumb/v6-m/nofp\libc_nano.a
LOAD C:/Users/VagnerSilva/.mcuxpressotools/arm-gnu-toolchain-14.2.rel1-mingw-w64-x86_64-arm-none-eabi/bin/../lib/gcc/arm-none-eabi/14.2.1/thumb/v6-m/nofp\libgcc.a
LOAD C:/Users/VagnerSilva/.mcuxpressotools/arm-gnu-toolchain-14.2.rel1-mingw-w64-x86_64-arm-none-eabi/bin/../lib/gcc/arm-none-eabi/14.2.1/thumb/v6-m/nofp\libnosys.a
END GROUP
START GROUP
LOAD C:/Users/VagnerSilva/.mcuxpressotools/arm-gnu-toolchain-14.2.rel1-mingw-w64-x86_64-arm-none-eabi/bin/../lib/gcc/arm-none-eabi/14.2.1/thumb/v6-m/nofp\libgcc.a
LOAD C:/Users/VagnerSilva/.mcuxpressotools/arm-gnu-toolchain-14.2.rel1-mingw-w64-x86_64-arm-none-eabi/bin/../lib/gcc/arm-none-eabi/14.2.1/thumb/v6-m/nofp\libg_nano.a
LOAD C:/Users/VagnerSilva/.mcuxpressotools/arm-gnu-toolchain-14.2.rel1-mingw-w64-x86_64-arm-none-eabi/bin/../lib/gcc/arm-none-eabi/14.2.1/thumb/v6-m/nofp\libc_nano.a
END GROUP
START GROUP
LOAD C:/Users/VagnerSilva/.mcuxpressotools/arm-gnu-toolchain-14.2.rel1-mingw-w64-x86_64-arm-none-eabi/bin/../lib/gcc/arm-none-eabi/14.2.1/thumb/v6-m/nofp\libgcc.a
LOAD C:/Users/VagnerSilva/.mcuxpressotools/arm-gnu-toolchain-14.2.rel1-mingw-w64-x86_64-arm-none-eabi/bin/../lib/gcc/arm-none-eabi/14.2.1/thumb/v6-m/nofp\libc_nano.a
LOAD C:/Users/VagnerSilva/.mcuxpressotools/arm-gnu-toolchain-14.2.rel1-mingw-w64-x86_64-arm-none-eabi/bin/../lib/gcc/arm-none-eabi/14.2.1/thumb/v6-m/nofp\libnosys.a
END GROUP
START GROUP
LOAD C:/Users/VagnerSilva/.mcuxpressotools/arm-gnu-toolchain-14.2.rel1-mingw-w64-x86_64-arm-none-eabi/bin/../lib/gcc/arm-none-eabi/14.2.1/thumb/v6-m/nofp\libgcc.a
LOAD C:/Users/VagnerSilva/.mcuxpressotools/arm-gnu-toolchain-14.2.rel1-mingw-w64-x86_64-arm-none-eabi/bin/../lib/gcc/arm-none-eabi/14.2.1/thumb/v6-m/nofp\libc_nano.a
LOAD C:/Users/VagnerSilva/.mcuxpressotools/arm-gnu-toolchain-14.2.rel1-mingw-w64-x86_64-arm-none-eabi/bin/../lib/gcc/arm-none-eabi/14.2.1/thumb/v6-m/nofp\libnosys.a
END GROUP
LOAD C:/Users/VagnerSilva/.mcuxpressotools/arm-gnu-toolchain-14.2.rel1-mingw-w64-x86_64-arm-none-eabi/bin/../lib/gcc/arm-none-eabi/14.2.1/thumb/v6-m/nofp/crtend.o
LOAD C:/Users/VagnerSilva/.mcuxpressotools/arm-gnu-toolchain-14.2.rel1-mingw-w64-x86_64-arm-none-eabi/bin/../lib/gcc/arm-none-eabi/14.2.1/thumb/v6-m/nofp/crtn.o
                0x00000400                        HEAP_SIZE = DEFINED (__heap_size__)?__heap_size__:0x400
                0x00000400                        STACK_SIZE = DEFINED (__stack_size__)?__stack_size__:0x400

.interrupts     0x00000000      0x140
                0x00000000                        . = ALIGN (0x4)
 *(.isr_vector)
 .isr_vector    0x00000000      0x140 CMakeFiles/lpi2c_polling_b2b_slave.elf.dir/startup/gcc/startup_K32L2A41A.S.obj
                0x00000000                __isr_vector
                0x00000140                        . = ALIGN (0x4)

.flash_config   0x00000400       0x10
                0x00000400                        . = ALIGN (0x4)
 *(.FlashConfig)
 .FlashConfig   0x00000400       0x10 CMakeFiles/lpi2c_polling_b2b_slave.elf.dir/startup/gcc/startup_K32L2A41A.S.obj
                0x00000410                        . = ALIGN (0x4)

.text           0x00000410     0x61a8
                0x00000410                        . = ALIGN (0x4)
 *(.text)
 .text          0x00000410       0x80 C:/Users/VagnerSilva/.mcuxpressotools/arm-gnu-toolchain-14.2.rel1-mingw-w64-x86_64-arm-none-eabi/bin/../lib/gcc/arm-none-eabi/14.2.1/thumb/v6-m/nofp/crt0.o
                0x00000410                _stack_init
                0x0000041c                _start
                0x0000041c                _mainCRTStartup
 .text          0x00000490      0x128 CMakeFiles/lpi2c_polling_b2b_slave.elf.dir/startup/gcc/startup_K32L2A41A.S.obj
                0x00000490                Reset_Handler
                0x000004f0                DMA0_26_DriverIRQHandler
                0x000004f0                DMA0_37_DriverIRQHandler
                0x000004f0                LPSPI2_DriverIRQHandler
                0x000004f0                DMA0_15_DriverIRQHandler
                0x000004f0                INTMUX0_3_DriverIRQHandler
                0x000004f0                PORTC_IRQHandler
                0x000004f0                Reserved76_IRQHandler
                0x000004f0                TRNG_IRQHandler
                0x000004f0                Reserved50_IRQHandler
                0x000004f0                Reserved49_IRQHandler
                0x000004f0                CMP0_IRQHandler
                0x000004f0                Reserved74_IRQHandler
                0x000004f0                LPTMR1_IRQHandler
                0x000004f0                Reserved79_IRQHandler
                0x000004f0                TPM0_IRQHandler
                0x000004f0                LPIT0_IRQHandler
                0x000004f0                LPTMR0_IRQHandler
                0x000004f0                Reserved68_IRQHandler
                0x000004f0                Reserved77_IRQHandler
                0x000004f0                LLWU_IRQHandler
                0x000004f0                WDOG0_IRQHandler
                0x000004f0                TSI0_IRQHandler
                0x000004f0                PORTE_IRQHandler
                0x000004f0                Reserved75_IRQHandler
                0x000004f0                INTMUX0_1_DriverIRQHandler
                0x000004f0                ADC0_IRQHandler
                0x000004f0                Reserved39_IRQHandler
                0x000004f0                FLEXIO0_DriverIRQHandler
                0x000004f0                EMVSIM0_IRQHandler
                0x000004f0                INTMUX0_2_DriverIRQHandler
                0x000004f0                FTFA_IRQHandler
                0x000004f0                DefaultISR
                0x000004f0                DMA0_04_DriverIRQHandler
                0x000004f0                CTI0_DMA0_Error_DriverIRQHandler
                0x000004f0                CMP1_IRQHandler
                0x000004f0                Reserved71_IRQHandler
                0x000004f0                PORTD_IRQHandler
                0x000004f0                Reserved69_IRQHandler
                0x000004f0                PORTB_IRQHandler
                0x000004f0                Reserved70_IRQHandler
                0x000004f0                TPM2_IRQHandler
                0x000004f0                Reserved67_IRQHandler
                0x000004f0                RTC_IRQHandler
                0x000004f0                Reserved78_IRQHandler
                0x000004f0                PORTA_IRQHandler
                0x000004f0                RTC_Seconds_IRQHandler
                0x000004f0                Reserved51_IRQHandler
                0x000004f0                Reserved72_IRQHandler
                0x000004f0                TPM1_IRQHandler
                0x000004f0                INTMUX0_0_DriverIRQHandler
                0x000004f0                PMC_IRQHandler
                0x000004f0                LPSPI0_DriverIRQHandler
                0x000004f0                Reserved32_IRQHandler
                0x000004f0                Reserved73_IRQHandler
                0x000004f0                SCG_IRQHandler
                0x000004f0                USB0_IRQHandler
                0x000004f0                DAC0_IRQHandler
                0x000004f0                LPSPI1_DriverIRQHandler
                0x000004f0                RCM_IRQHandler
                0x000004f4                NMI_Handler
                0x000004f8                HardFault_Handler
                0x000004fc                SVC_Handler
                0x00000500                PendSV_Handler
                0x00000504                SysTick_Handler
                0x00000508                DMA0_04_IRQHandler
                0x0000050c                DMA0_15_IRQHandler
                0x00000510                DMA0_26_IRQHandler
                0x00000514                DMA0_37_IRQHandler
                0x00000518                CTI0_DMA0_Error_IRQHandler
                0x0000051c                FLEXIO0_IRQHandler
                0x00000520                LPSPI0_IRQHandler
                0x00000524                LPSPI1_IRQHandler
                0x00000528                LPUART0_IRQHandler
                0x0000052c                LPUART1_IRQHandler
                0x00000530                LPI2C0_IRQHandler
                0x00000534                LPI2C1_IRQHandler
                0x00000538                INTMUX0_0_IRQHandler
                0x0000053c                INTMUX0_1_IRQHandler
                0x00000540                INTMUX0_2_IRQHandler
                0x00000544                INTMUX0_3_IRQHandler
                0x00000548                LPSPI2_IRQHandler
                0x0000054c                LPUART2_IRQHandler
                0x00000550                LPI2C2_IRQHandler
 .text          0x000005b8        0xe C:/Users/VagnerSilva/.mcuxpressotools/arm-gnu-toolchain-14.2.rel1-mingw-w64-x86_64-arm-none-eabi/bin/../lib/gcc/arm-none-eabi/14.2.1/thumb/v6-m/nofp\libc_nano.a(libc_a-strlen.o)
                0x000005b8                strlen
 *fill*         0x000005c6        0x2 
 .text          0x000005c8       0x14 C:/Users/VagnerSilva/.mcuxpressotools/arm-gnu-toolchain-14.2.rel1-mingw-w64-x86_64-arm-none-eabi/bin/../lib/gcc/arm-none-eabi/14.2.1/thumb/v6-m/nofp\libgcc.a(_thumb1_case_shi.o)
                0x000005c8                __gnu_thumb1_case_shi
 .text          0x000005dc      0x114 C:/Users/VagnerSilva/.mcuxpressotools/arm-gnu-toolchain-14.2.rel1-mingw-w64-x86_64-arm-none-eabi/bin/../lib/gcc/arm-none-eabi/14.2.1/thumb/v6-m/nofp\libgcc.a(_udivsi3.o)
                0x000005dc                __aeabi_uidiv
                0x000005dc                __udivsi3
                0x000006e8                __aeabi_uidivmod
 .text          0x000006f0        0x4 C:/Users/VagnerSilva/.mcuxpressotools/arm-gnu-toolchain-14.2.rel1-mingw-w64-x86_64-arm-none-eabi/bin/../lib/gcc/arm-none-eabi/14.2.1/thumb/v6-m/nofp\libgcc.a(_dvmd_tls.o)
                0x000006f0                __aeabi_idiv0
                0x000006f0                __aeabi_ldiv0
 .text          0x000006f4       0x40 C:/Users/VagnerSilva/.mcuxpressotools/arm-gnu-toolchain-14.2.rel1-mingw-w64-x86_64-arm-none-eabi/bin/../lib/gcc/arm-none-eabi/14.2.1/thumb/v6-m/nofp\libgcc.a(_aeabi_uldivmod.o)
                0x000006f4                __aeabi_uldivmod
 .text          0x00000734       0x18 C:/Users/VagnerSilva/.mcuxpressotools/arm-gnu-toolchain-14.2.rel1-mingw-w64-x86_64-arm-none-eabi/bin/../lib/gcc/arm-none-eabi/14.2.1/thumb/v6-m/nofp\libgcc.a(_clzdi2.o)
                0x00000734                __clzdi2
 .text          0x0000074c       0x3c C:/Users/VagnerSilva/.mcuxpressotools/arm-gnu-toolchain-14.2.rel1-mingw-w64-x86_64-arm-none-eabi/bin/../lib/gcc/arm-none-eabi/14.2.1/thumb/v6-m/nofp\libgcc.a(_clzsi2.o)
                0x0000074c                __clzsi2
 *(.text*)
 .text.deregister_tm_clones
                0x00000788       0x20 C:/Users/VagnerSilva/.mcuxpressotools/arm-gnu-toolchain-14.2.rel1-mingw-w64-x86_64-arm-none-eabi/bin/../lib/gcc/arm-none-eabi/14.2.1/thumb/v6-m/nofp/crtbegin.o
 .text.register_tm_clones
                0x000007a8       0x28 C:/Users/VagnerSilva/.mcuxpressotools/arm-gnu-toolchain-14.2.rel1-mingw-w64-x86_64-arm-none-eabi/bin/../lib/gcc/arm-none-eabi/14.2.1/thumb/v6-m/nofp/crtbegin.o
 .text.__do_global_dtors_aux
                0x000007d0       0x2c C:/Users/VagnerSilva/.mcuxpressotools/arm-gnu-toolchain-14.2.rel1-mingw-w64-x86_64-arm-none-eabi/bin/../lib/gcc/arm-none-eabi/14.2.1/thumb/v6-m/nofp/crtbegin.o
 .text.frame_dummy
                0x000007fc       0x24 C:/Users/VagnerSilva/.mcuxpressotools/arm-gnu-toolchain-14.2.rel1-mingw-w64-x86_64-arm-none-eabi/bin/../lib/gcc/arm-none-eabi/14.2.1/thumb/v6-m/nofp/crtbegin.o
 .text.CLOCK_SetIpSrc
                0x00000820       0x8c CMakeFiles/lpi2c_polling_b2b_slave.elf.dir/board/board.c.obj
 .text.BOARD_InitDebugConsole
                0x000008ac       0x38 CMakeFiles/lpi2c_polling_b2b_slave.elf.dir/board/board.c.obj
                0x000008ac                BOARD_InitDebugConsole
 .text.CLOCK_SetIpSrc
                0x000008e4       0x8c CMakeFiles/lpi2c_polling_b2b_slave.elf.dir/board/clock_config.c.obj
 .text.CLOCK_SetRunModeSysClkConfig
                0x00000970       0x44 CMakeFiles/lpi2c_polling_b2b_slave.elf.dir/board/clock_config.c.obj
 .text.CLOCK_GetCurSysClkConfig
                0x000009b4       0x44 CMakeFiles/lpi2c_polling_b2b_slave.elf.dir/board/clock_config.c.obj
 .text.CLOCK_CONFIG_FircSafeConfig
                0x000009f8       0xdc CMakeFiles/lpi2c_polling_b2b_slave.elf.dir/board/clock_config.c.obj
 .text.BOARD_InitBootClocks
                0x00000ad4        0xe CMakeFiles/lpi2c_polling_b2b_slave.elf.dir/board/clock_config.c.obj
                0x00000ad4                BOARD_InitBootClocks
 *fill*         0x00000ae2        0x2 
 .text.BOARD_BootClockRUN
                0x00000ae4       0x74 CMakeFiles/lpi2c_polling_b2b_slave.elf.dir/board/clock_config.c.obj
                0x00000ae4                BOARD_BootClockRUN
 .text.CLOCK_SetIpSrc
                0x00000b58       0x8c CMakeFiles/lpi2c_polling_b2b_slave.elf.dir/board/hardware_init.c.obj
 .text.BOARD_InitHardware
                0x00000be4       0x24 CMakeFiles/lpi2c_polling_b2b_slave.elf.dir/board/hardware_init.c.obj
                0x00000be4                BOARD_InitHardware
 .text.LPI2C0_init
                0x00000c08       0x3c CMakeFiles/lpi2c_polling_b2b_slave.elf.dir/board/peripherals.c.obj
 .text.LPUART0_init
                0x00000c44       0x24 CMakeFiles/lpi2c_polling_b2b_slave.elf.dir/board/peripherals.c.obj
 .text.BOARD_InitPeripherals
                0x00000c68       0x12 CMakeFiles/lpi2c_polling_b2b_slave.elf.dir/board/peripherals.c.obj
                0x00000c68                BOARD_InitPeripherals
 *fill*         0x00000c7a        0x2 
 .text.CLOCK_EnableClock
                0x00000c7c       0x44 CMakeFiles/lpi2c_polling_b2b_slave.elf.dir/board/pin_mux.c.obj
 .text.PORT_SetPinMux
                0x00000cc0       0x40 CMakeFiles/lpi2c_polling_b2b_slave.elf.dir/board/pin_mux.c.obj
 .text.BOARD_InitBootPins
                0x00000d00        0xe CMakeFiles/lpi2c_polling_b2b_slave.elf.dir/board/pin_mux.c.obj
                0x00000d00                BOARD_InitBootPins
 *fill*         0x00000d0e        0x2 
 .text.BOARD_InitPins
                0x00000d10       0x74 CMakeFiles/lpi2c_polling_b2b_slave.elf.dir/board/pin_mux.c.obj
                0x00000d10                BOARD_InitPins
 .text.LPUART_EnableHalfDuplex
                0x00000d84       0x38 CMakeFiles/lpi2c_polling_b2b_slave.elf.dir/source/main.c.obj
                0x00000d84                LPUART_EnableHalfDuplex
 .text.LPUART_SetToTransmitMode
                0x00000dbc       0x3c CMakeFiles/lpi2c_polling_b2b_slave.elf.dir/source/main.c.obj
                0x00000dbc                LPUART_SetToTransmitMode
 .text.LPUART_SetToReceiveMode
                0x00000df8       0x3c CMakeFiles/lpi2c_polling_b2b_slave.elf.dir/source/main.c.obj
                0x00000df8                LPUART_SetToReceiveMode
 .text.main     0x00000e34      0x118 CMakeFiles/lpi2c_polling_b2b_slave.elf.dir/source/main.c.obj
                0x00000e34                main
 .text.SSD1306_WriteBuffer
                0x00000f4c      0x104 CMakeFiles/lpi2c_polling_b2b_slave.elf.dir/Ssd1306/Src/ssd1306.c.obj
                0x00000f4c                SSD1306_WriteBuffer
 .text.ssd1306_Reset
                0x00001050        0xa CMakeFiles/lpi2c_polling_b2b_slave.elf.dir/Ssd1306/Src/ssd1306.c.obj
                0x00001050                ssd1306_Reset
 .text.ssd1306_WriteCommand
                0x0000105a       0x20 CMakeFiles/lpi2c_polling_b2b_slave.elf.dir/Ssd1306/Src/ssd1306.c.obj
                0x0000105a                ssd1306_WriteCommand
 .text.ssd1306_WriteData
                0x0000107a       0x1e CMakeFiles/lpi2c_polling_b2b_slave.elf.dir/Ssd1306/Src/ssd1306.c.obj
                0x0000107a                ssd1306_WriteData
 .text.ssd1306_Init
                0x00001098       0xec CMakeFiles/lpi2c_polling_b2b_slave.elf.dir/Ssd1306/Src/ssd1306.c.obj
                0x00001098                ssd1306_Init
 .text.ssd1306_Fill
                0x00001184       0x48 CMakeFiles/lpi2c_polling_b2b_slave.elf.dir/Ssd1306/Src/ssd1306.c.obj
                0x00001184                ssd1306_Fill
 .text.ssd1306_UpdateScreen
                0x000011cc       0x5c CMakeFiles/lpi2c_polling_b2b_slave.elf.dir/Ssd1306/Src/ssd1306.c.obj
                0x000011cc                ssd1306_UpdateScreen
 .text.ssd1306_DrawPixel
                0x00001228       0xc4 CMakeFiles/lpi2c_polling_b2b_slave.elf.dir/Ssd1306/Src/ssd1306.c.obj
                0x00001228                ssd1306_DrawPixel
 .text.ssd1306_WriteChar
                0x000012ec      0x130 CMakeFiles/lpi2c_polling_b2b_slave.elf.dir/Ssd1306/Src/ssd1306.c.obj
                0x000012ec                ssd1306_WriteChar
 .text.ssd1306_WriteString
                0x0000141c       0x54 CMakeFiles/lpi2c_polling_b2b_slave.elf.dir/Ssd1306/Src/ssd1306.c.obj
                0x0000141c                ssd1306_WriteString
 .text.ssd1306_SetCursor
                0x00001470       0x34 CMakeFiles/lpi2c_polling_b2b_slave.elf.dir/Ssd1306/Src/ssd1306.c.obj
                0x00001470                ssd1306_SetCursor
 .text.ssd1306_SetContrast
                0x000014a4       0x30 CMakeFiles/lpi2c_polling_b2b_slave.elf.dir/Ssd1306/Src/ssd1306.c.obj
                0x000014a4                ssd1306_SetContrast
 .text.ssd1306_SetDisplayOn
                0x000014d4       0x4c CMakeFiles/lpi2c_polling_b2b_slave.elf.dir/Ssd1306/Src/ssd1306.c.obj
                0x000014d4                ssd1306_SetDisplayOn
 .text.HAL_UartGetStatus
                0x00001520       0x34 CMakeFiles/lpi2c_polling_b2b_slave.elf.dir/component/uart/fsl_adapter_lpuart.c.obj
 .text.HAL_UartInitCommon
                0x00001554      0x108 CMakeFiles/lpi2c_polling_b2b_slave.elf.dir/component/uart/fsl_adapter_lpuart.c.obj
 .text.HAL_UartInit
                0x0000165c       0xc0 CMakeFiles/lpi2c_polling_b2b_slave.elf.dir/component/uart/fsl_adapter_lpuart.c.obj
                0x0000165c                HAL_UartInit
 .text.HAL_UartReceiveBlocking
                0x0000171c       0x98 CMakeFiles/lpi2c_polling_b2b_slave.elf.dir/component/uart/fsl_adapter_lpuart.c.obj
                0x0000171c                HAL_UartReceiveBlocking
 .text.HAL_UartSendBlocking
                0x000017b4       0x88 CMakeFiles/lpi2c_polling_b2b_slave.elf.dir/component/uart/fsl_adapter_lpuart.c.obj
                0x000017b4                HAL_UartSendBlocking
 .text.SystemInit
                0x0000183c       0x5c CMakeFiles/lpi2c_polling_b2b_slave.elf.dir/device/system_K32L2A41A.c.obj
                0x0000183c                SystemInit
 .text.SystemInitHook
                0x00001898        0xa CMakeFiles/lpi2c_polling_b2b_slave.elf.dir/device/system_K32L2A41A.c.obj
                0x00001898                SystemInitHook
 *fill*         0x000018a2        0x2 
 .text.CLOCK_GetIpFreq
                0x000018a4       0xf4 CMakeFiles/lpi2c_polling_b2b_slave.elf.dir/drivers/fsl_clock.c.obj
                0x000018a4                CLOCK_GetIpFreq
 .text.CLOCK_GetSysOscFreq
                0x00001998       0x58 CMakeFiles/lpi2c_polling_b2b_slave.elf.dir/drivers/fsl_clock.c.obj
                0x00001998                CLOCK_GetSysOscFreq
 .text.CLOCK_GetSysOscAsyncFreq
                0x000019f0       0x94 CMakeFiles/lpi2c_polling_b2b_slave.elf.dir/drivers/fsl_clock.c.obj
                0x000019f0                CLOCK_GetSysOscAsyncFreq
 .text.CLOCK_InitSirc
                0x00001a84       0xa8 CMakeFiles/lpi2c_polling_b2b_slave.elf.dir/drivers/fsl_clock.c.obj
                0x00001a84                CLOCK_InitSirc
 .text.CLOCK_DeinitSirc
                0x00001b2c       0x50 CMakeFiles/lpi2c_polling_b2b_slave.elf.dir/drivers/fsl_clock.c.obj
                0x00001b2c                CLOCK_DeinitSirc
 .text.CLOCK_GetSircFreq
                0x00001b7c       0x44 CMakeFiles/lpi2c_polling_b2b_slave.elf.dir/drivers/fsl_clock.c.obj
                0x00001b7c                CLOCK_GetSircFreq
 .text.CLOCK_GetSircAsyncFreq
                0x00001bc0       0x94 CMakeFiles/lpi2c_polling_b2b_slave.elf.dir/drivers/fsl_clock.c.obj
                0x00001bc0                CLOCK_GetSircAsyncFreq
 .text.CLOCK_InitFirc
                0x00001c54      0x138 CMakeFiles/lpi2c_polling_b2b_slave.elf.dir/drivers/fsl_clock.c.obj
                0x00001c54                CLOCK_InitFirc
 .text.CLOCK_DeinitFirc
                0x00001d8c       0x54 CMakeFiles/lpi2c_polling_b2b_slave.elf.dir/drivers/fsl_clock.c.obj
                0x00001d8c                CLOCK_DeinitFirc
 .text.CLOCK_GetFircFreq
                0x00001de0       0x44 CMakeFiles/lpi2c_polling_b2b_slave.elf.dir/drivers/fsl_clock.c.obj
                0x00001de0                CLOCK_GetFircFreq
 .text.CLOCK_GetFircAsyncFreq
                0x00001e24       0x94 CMakeFiles/lpi2c_polling_b2b_slave.elf.dir/drivers/fsl_clock.c.obj
                0x00001e24                CLOCK_GetFircAsyncFreq
 .text.CLOCK_GetSysPllCommonFreq
                0x00001eb8       0x74 CMakeFiles/lpi2c_polling_b2b_slave.elf.dir/drivers/fsl_clock.c.obj
 .text.CLOCK_GetSysPllFreq
                0x00001f2c       0x34 CMakeFiles/lpi2c_polling_b2b_slave.elf.dir/drivers/fsl_clock.c.obj
                0x00001f2c                CLOCK_GetSysPllFreq
 .text.CLOCK_GetSysPllAsyncFreq
                0x00001f60       0x90 CMakeFiles/lpi2c_polling_b2b_slave.elf.dir/drivers/fsl_clock.c.obj
                0x00001f60                CLOCK_GetSysPllAsyncFreq
 .text.DelayLoop
                0x00001ff0       0x1a CMakeFiles/lpi2c_polling_b2b_slave.elf.dir/drivers/fsl_common_arm.c.obj
 *fill*         0x0000200a        0x2 
 .text.SDK_DelayAtLeastUs
                0x0000200c       0x84 CMakeFiles/lpi2c_polling_b2b_slave.elf.dir/drivers/fsl_common_arm.c.obj
                0x0000200c                SDK_DelayAtLeastUs
 .text.__NVIC_EnableIRQ
                0x00002090       0x34 CMakeFiles/lpi2c_polling_b2b_slave.elf.dir/drivers/fsl_lpi2c.c.obj
 .text.CLOCK_EnableClock
                0x000020c4       0x44 CMakeFiles/lpi2c_polling_b2b_slave.elf.dir/drivers/fsl_lpi2c.c.obj
 .text.EnableIRQ
                0x00002108       0x46 CMakeFiles/lpi2c_polling_b2b_slave.elf.dir/drivers/fsl_lpi2c.c.obj
 .text.LPI2C_MasterReset
                0x0000214e       0x1c CMakeFiles/lpi2c_polling_b2b_slave.elf.dir/drivers/fsl_lpi2c.c.obj
 .text.LPI2C_MasterEnable
                0x0000216a       0x2a CMakeFiles/lpi2c_polling_b2b_slave.elf.dir/drivers/fsl_lpi2c.c.obj
 .text.LPI2C_MasterGetStatusFlags
                0x00002194       0x14 CMakeFiles/lpi2c_polling_b2b_slave.elf.dir/drivers/fsl_lpi2c.c.obj
 .text.LPI2C_MasterClearStatusFlags
                0x000021a8       0x18 CMakeFiles/lpi2c_polling_b2b_slave.elf.dir/drivers/fsl_lpi2c.c.obj
 .text.LPI2C_MasterDisableInterrupts
                0x000021c0       0x20 CMakeFiles/lpi2c_polling_b2b_slave.elf.dir/drivers/fsl_lpi2c.c.obj
 .text.LPI2C_MasterSetWatermarks
                0x000021e0       0x2a CMakeFiles/lpi2c_polling_b2b_slave.elf.dir/drivers/fsl_lpi2c.c.obj
 .text.LPI2C_MasterGetFifoCounts
                0x0000220a       0x3a CMakeFiles/lpi2c_polling_b2b_slave.elf.dir/drivers/fsl_lpi2c.c.obj
 .text.LPI2C_SlaveEnable
                0x00002244       0x34 CMakeFiles/lpi2c_polling_b2b_slave.elf.dir/drivers/fsl_lpi2c.c.obj
 .text.LPI2C_GetInstance
                0x00002278       0x58 CMakeFiles/lpi2c_polling_b2b_slave.elf.dir/drivers/fsl_lpi2c.c.obj
                0x00002278                LPI2C_GetInstance
 .text.LPI2C_GetCyclesForWidth
                0x000022d0       0xb4 CMakeFiles/lpi2c_polling_b2b_slave.elf.dir/drivers/fsl_lpi2c.c.obj
 .text.LPI2C_MasterCheckAndClearError
                0x00002384       0xac CMakeFiles/lpi2c_polling_b2b_slave.elf.dir/drivers/fsl_lpi2c.c.obj
                0x00002384                LPI2C_MasterCheckAndClearError
 .text.LPI2C_MasterWaitForTxReady
                0x00002430       0x5c CMakeFiles/lpi2c_polling_b2b_slave.elf.dir/drivers/fsl_lpi2c.c.obj
 .text.LPI2C_CheckForBusyBus
                0x0000248c       0x3c CMakeFiles/lpi2c_polling_b2b_slave.elf.dir/drivers/fsl_lpi2c.c.obj
                0x0000248c                LPI2C_CheckForBusyBus
 .text.LPI2C_MasterInit
                0x000024c8      0x200 CMakeFiles/lpi2c_polling_b2b_slave.elf.dir/drivers/fsl_lpi2c.c.obj
                0x000024c8                LPI2C_MasterInit
 .text.LPI2C_MasterSetBaudRate
                0x000026c8      0x394 CMakeFiles/lpi2c_polling_b2b_slave.elf.dir/drivers/fsl_lpi2c.c.obj
                0x000026c8                LPI2C_MasterSetBaudRate
 .text.LPI2C_MasterStop
                0x00002a5c       0x72 CMakeFiles/lpi2c_polling_b2b_slave.elf.dir/drivers/fsl_lpi2c.c.obj
                0x00002a5c                LPI2C_MasterStop
 *fill*         0x00002ace        0x2 
 .text.LPI2C_MasterReceive
                0x00002ad0      0x100 CMakeFiles/lpi2c_polling_b2b_slave.elf.dir/drivers/fsl_lpi2c.c.obj
                0x00002ad0                LPI2C_MasterReceive
 .text.LPI2C_MasterSend
                0x00002bd0       0x70 CMakeFiles/lpi2c_polling_b2b_slave.elf.dir/drivers/fsl_lpi2c.c.obj
                0x00002bd0                LPI2C_MasterSend
 .text.LPI2C_MasterTransferBlocking
                0x00002c40      0x238 CMakeFiles/lpi2c_polling_b2b_slave.elf.dir/drivers/fsl_lpi2c.c.obj
                0x00002c40                LPI2C_MasterTransferBlocking
 .text.LPI2C_MasterTransferCreateHandle
                0x00002e78       0x9c CMakeFiles/lpi2c_polling_b2b_slave.elf.dir/drivers/fsl_lpi2c.c.obj
                0x00002e78                LPI2C_MasterTransferCreateHandle
 .text.LPI2C_TransferStateMachineSendCommand
                0x00002f14      0x164 CMakeFiles/lpi2c_polling_b2b_slave.elf.dir/drivers/fsl_lpi2c.c.obj
 .text.LPI2C_TransferStateMachineReadCommand
                0x00003078       0x94 CMakeFiles/lpi2c_polling_b2b_slave.elf.dir/drivers/fsl_lpi2c.c.obj
 .text.LPI2C_TransferStateMachineTransferData
                0x0000310c       0xb8 CMakeFiles/lpi2c_polling_b2b_slave.elf.dir/drivers/fsl_lpi2c.c.obj
 .text.LPI2C_TransferStateMachineStopState
                0x000031c4       0x7c CMakeFiles/lpi2c_polling_b2b_slave.elf.dir/drivers/fsl_lpi2c.c.obj
 .text.LPI2C_TransferStateMachineWaitState
                0x00003240       0x74 CMakeFiles/lpi2c_polling_b2b_slave.elf.dir/drivers/fsl_lpi2c.c.obj
 .text.LPI2C_RunTransferStateMachine
                0x000032b4      0x178 CMakeFiles/lpi2c_polling_b2b_slave.elf.dir/drivers/fsl_lpi2c.c.obj
 .text.LPI2C_MasterTransferAbort
                0x0000342c       0x60 CMakeFiles/lpi2c_polling_b2b_slave.elf.dir/drivers/fsl_lpi2c.c.obj
                0x0000342c                LPI2C_MasterTransferAbort
 .text.LPI2C_MasterTransferHandleIRQ
                0x0000348c       0xb0 CMakeFiles/lpi2c_polling_b2b_slave.elf.dir/drivers/fsl_lpi2c.c.obj
                0x0000348c                LPI2C_MasterTransferHandleIRQ
 .text.LPI2C_CommonIRQHandler
                0x0000353c       0x70 CMakeFiles/lpi2c_polling_b2b_slave.elf.dir/drivers/fsl_lpi2c.c.obj
 .text.LPI2C0_DriverIRQHandler
                0x000035ac       0x18 CMakeFiles/lpi2c_polling_b2b_slave.elf.dir/drivers/fsl_lpi2c.c.obj
                0x000035ac                LPI2C0_DriverIRQHandler
 .text.LPI2C1_DriverIRQHandler
                0x000035c4       0x18 CMakeFiles/lpi2c_polling_b2b_slave.elf.dir/drivers/fsl_lpi2c.c.obj
                0x000035c4                LPI2C1_DriverIRQHandler
 .text.LPI2C2_DriverIRQHandler
                0x000035dc       0x18 CMakeFiles/lpi2c_polling_b2b_slave.elf.dir/drivers/fsl_lpi2c.c.obj
                0x000035dc                LPI2C2_DriverIRQHandler
 .text.CLOCK_EnableClock
                0x000035f4       0x44 CMakeFiles/lpi2c_polling_b2b_slave.elf.dir/drivers/fsl_lpuart.c.obj
 .text.LPUART_SoftwareReset
                0x00003638       0x2a CMakeFiles/lpi2c_polling_b2b_slave.elf.dir/drivers/fsl_lpuart.c.obj
 *fill*         0x00003662        0x2 
 .text.LPUART_GetInstance
                0x00003664       0x58 CMakeFiles/lpi2c_polling_b2b_slave.elf.dir/drivers/fsl_lpuart.c.obj
                0x00003664                LPUART_GetInstance
 .text.LPUART_Init
                0x000036bc      0x374 CMakeFiles/lpi2c_polling_b2b_slave.elf.dir/drivers/fsl_lpuart.c.obj
                0x000036bc                LPUART_Init
 .text.LPUART_GetDefaultConfig
                0x00003a30       0x9c CMakeFiles/lpi2c_polling_b2b_slave.elf.dir/drivers/fsl_lpuart.c.obj
                0x00003a30                LPUART_GetDefaultConfig
 .text.LPUART_GetStatusFlags
                0x00003acc       0x34 CMakeFiles/lpi2c_polling_b2b_slave.elf.dir/drivers/fsl_lpuart.c.obj
                0x00003acc                LPUART_GetStatusFlags
 .text.LPUART_ClearStatusFlags
                0x00003b00       0x84 CMakeFiles/lpi2c_polling_b2b_slave.elf.dir/drivers/fsl_lpuart.c.obj
                0x00003b00                LPUART_ClearStatusFlags
 .text.LPUART_WriteBlocking
                0x00003b84       0x7c CMakeFiles/lpi2c_polling_b2b_slave.elf.dir/drivers/fsl_lpuart.c.obj
                0x00003b84                LPUART_WriteBlocking
 .text.LPUART_ReadBlocking
                0x00003c00      0x12c CMakeFiles/lpi2c_polling_b2b_slave.elf.dir/drivers/fsl_lpuart.c.obj
                0x00003c00                LPUART_ReadBlocking
 .text.LPUART0_DriverIRQHandler
                0x00003d2c       0x24 CMakeFiles/lpi2c_polling_b2b_slave.elf.dir/drivers/fsl_lpuart.c.obj
                0x00003d2c                LPUART0_DriverIRQHandler
 .text.LPUART1_DriverIRQHandler
                0x00003d50       0x24 CMakeFiles/lpi2c_polling_b2b_slave.elf.dir/drivers/fsl_lpuart.c.obj
                0x00003d50                LPUART1_DriverIRQHandler
 .text.LPUART2_DriverIRQHandler
                0x00003d74       0x24 CMakeFiles/lpi2c_polling_b2b_slave.elf.dir/drivers/fsl_lpuart.c.obj
                0x00003d74                LPUART2_DriverIRQHandler
 .text._sbrk    0x00003d98       0x68 CMakeFiles/lpi2c_polling_b2b_slave.elf.dir/utilities/fsl_sbrk.c.obj
                0x00003d98                _sbrk
 .text.fsl_assert_hook
                0x00003e00       0x16 CMakeFiles/lpi2c_polling_b2b_slave.elf.dir/utilities/fsl_assert.c.obj
                0x00003e00                fsl_assert_hook
 *fill*         0x00003e16        0x2 
 .text.__assert_func
                0x00003e18       0x34 CMakeFiles/lpi2c_polling_b2b_slave.elf.dir/utilities/fsl_assert.c.obj
                0x00003e18                __assert_func
 .text.DbgConsole_Init
                0x00003e4c       0xa8 CMakeFiles/lpi2c_polling_b2b_slave.elf.dir/utilities/debug_console_lite/fsl_debug_console.c.obj
                0x00003e4c                DbgConsole_Init
 .text.DbgConsole_Printf
                0x00003ef4       0x32 CMakeFiles/lpi2c_polling_b2b_slave.elf.dir/utilities/debug_console_lite/fsl_debug_console.c.obj
                0x00003ef4                DbgConsole_Printf
 *fill*         0x00003f26        0x2 
 .text.DbgConsole_Vprintf
                0x00003f28       0x40 CMakeFiles/lpi2c_polling_b2b_slave.elf.dir/utilities/debug_console_lite/fsl_debug_console.c.obj
                0x00003f28                DbgConsole_Vprintf
 .text.DbgConsole_Putchar
                0x00003f68       0x30 CMakeFiles/lpi2c_polling_b2b_slave.elf.dir/utilities/debug_console_lite/fsl_debug_console.c.obj
                0x00003f68                DbgConsole_Putchar
 .text.DbgConsole_PrintfPaddingCharacter
                0x00003f98       0x48 CMakeFiles/lpi2c_polling_b2b_slave.elf.dir/utilities/debug_console_lite/fsl_debug_console.c.obj
 .text.DbgConsole_ConvertRadixNumToString
                0x00003fe0       0xc2 CMakeFiles/lpi2c_polling_b2b_slave.elf.dir/utilities/debug_console_lite/fsl_debug_console.c.obj
 .text.DbgConsole_PrintfFormattedData
                0x000040a2      0x3da CMakeFiles/lpi2c_polling_b2b_slave.elf.dir/utilities/debug_console_lite/fsl_debug_console.c.obj
 .text.exit     0x0000447c       0x28 C:/Users/VagnerSilva/.mcuxpressotools/arm-gnu-toolchain-14.2.rel1-mingw-w64-x86_64-arm-none-eabi/bin/../lib/gcc/arm-none-eabi/14.2.1/thumb/v6-m/nofp\libc_nano.a(libc_a-exit.o)
                0x0000447c                exit
 .text.sbrk_aligned
                0x000044a4       0x44 C:/Users/VagnerSilva/.mcuxpressotools/arm-gnu-toolchain-14.2.rel1-mingw-w64-x86_64-arm-none-eabi/bin/../lib/gcc/arm-none-eabi/14.2.1/thumb/v6-m/nofp\libc_nano.a(libc_a-mallocr.o)
 .text._malloc_r
                0x000044e8      0x100 C:/Users/VagnerSilva/.mcuxpressotools/arm-gnu-toolchain-14.2.rel1-mingw-w64-x86_64-arm-none-eabi/bin/../lib/gcc/arm-none-eabi/14.2.1/thumb/v6-m/nofp\libc_nano.a(libc_a-mallocr.o)
                0x000044e8                _malloc_r
 .text.__malloc_lock
                0x000045e8       0x10 C:/Users/VagnerSilva/.mcuxpressotools/arm-gnu-toolchain-14.2.rel1-mingw-w64-x86_64-arm-none-eabi/bin/../lib/gcc/arm-none-eabi/14.2.1/thumb/v6-m/nofp\libc_nano.a(libc_a-mlock.o)
                0x000045e8                __malloc_lock
 .text.__malloc_unlock
                0x000045f8       0x10 C:/Users/VagnerSilva/.mcuxpressotools/arm-gnu-toolchain-14.2.rel1-mingw-w64-x86_64-arm-none-eabi/bin/../lib/gcc/arm-none-eabi/14.2.1/thumb/v6-m/nofp\libc_nano.a(libc_a-mlock.o)
                0x000045f8                __malloc_unlock
 .text.sprintf  0x00004608       0x44 C:/Users/VagnerSilva/.mcuxpressotools/arm-gnu-toolchain-14.2.rel1-mingw-w64-x86_64-arm-none-eabi/bin/../lib/gcc/arm-none-eabi/14.2.1/thumb/v6-m/nofp\libc_nano.a(libc_a-sprintf.o)
                0x00004608                siprintf
                0x00004608                sprintf
 .text.memset   0x0000464c       0x10 C:/Users/VagnerSilva/.mcuxpressotools/arm-gnu-toolchain-14.2.rel1-mingw-w64-x86_64-arm-none-eabi/bin/../lib/gcc/arm-none-eabi/14.2.1/thumb/v6-m/nofp\libc_nano.a(libc_a-memset.o)
                0x0000464c                memset
 .text._sbrk_r  0x0000465c       0x24 C:/Users/VagnerSilva/.mcuxpressotools/arm-gnu-toolchain-14.2.rel1-mingw-w64-x86_64-arm-none-eabi/bin/../lib/gcc/arm-none-eabi/14.2.1/thumb/v6-m/nofp\libc_nano.a(libc_a-sbrkr.o)
                0x0000465c                _sbrk_r
 .text.__errno  0x00004680        0xc C:/Users/VagnerSilva/.mcuxpressotools/arm-gnu-toolchain-14.2.rel1-mingw-w64-x86_64-arm-none-eabi/bin/../lib/gcc/arm-none-eabi/14.2.1/thumb/v6-m/nofp\libc_nano.a(libc_a-errno.o)
                0x00004680                __errno
 .text.__libc_init_array
                0x0000468c       0x48 C:/Users/VagnerSilva/.mcuxpressotools/arm-gnu-toolchain-14.2.rel1-mingw-w64-x86_64-arm-none-eabi/bin/../lib/gcc/arm-none-eabi/14.2.1/thumb/v6-m/nofp\libc_nano.a(libc_a-init.o)
                0x0000468c                __libc_init_array
 .text.__retarget_lock_acquire_recursive
                0x000046d4        0x2 C:/Users/VagnerSilva/.mcuxpressotools/arm-gnu-toolchain-14.2.rel1-mingw-w64-x86_64-arm-none-eabi/bin/../lib/gcc/arm-none-eabi/14.2.1/thumb/v6-m/nofp\libc_nano.a(libc_a-lock.o)
                0x000046d4                __retarget_lock_acquire_recursive
 .text.__retarget_lock_release_recursive
                0x000046d6        0x2 C:/Users/VagnerSilva/.mcuxpressotools/arm-gnu-toolchain-14.2.rel1-mingw-w64-x86_64-arm-none-eabi/bin/../lib/gcc/arm-none-eabi/14.2.1/thumb/v6-m/nofp\libc_nano.a(libc_a-lock.o)
                0x000046d6                __retarget_lock_release_recursive
 .text.memcpy   0x000046d8       0x12 C:/Users/VagnerSilva/.mcuxpressotools/arm-gnu-toolchain-14.2.rel1-mingw-w64-x86_64-arm-none-eabi/bin/../lib/gcc/arm-none-eabi/14.2.1/thumb/v6-m/nofp\libc_nano.a(libc_a-memcpy-stub.o)
                0x000046d8                memcpy
 *fill*         0x000046ea        0x2 
 .text._free_r  0x000046ec       0x94 C:/Users/VagnerSilva/.mcuxpressotools/arm-gnu-toolchain-14.2.rel1-mingw-w64-x86_64-arm-none-eabi/bin/../lib/gcc/arm-none-eabi/14.2.1/thumb/v6-m/nofp\libc_nano.a(libc_a-freer.o)
                0x000046ec                _free_r
 .text.__ssputs_r
                0x00004780       0xc8 C:/Users/VagnerSilva/.mcuxpressotools/arm-gnu-toolchain-14.2.rel1-mingw-w64-x86_64-arm-none-eabi/bin/../lib/gcc/arm-none-eabi/14.2.1/thumb/v6-m/nofp\libc_nano.a(libc_a-nano-svfprintf.o)
                0x00004780                __ssputs_r
 .text._svfprintf_r
                0x00004848      0x208 C:/Users/VagnerSilva/.mcuxpressotools/arm-gnu-toolchain-14.2.rel1-mingw-w64-x86_64-arm-none-eabi/bin/../lib/gcc/arm-none-eabi/14.2.1/thumb/v6-m/nofp\libc_nano.a(libc_a-nano-svfprintf.o)
                0x00004848                _svfiprintf_r
                0x00004848                _svfprintf_r
 .text._printf_common
                0x00004a50       0xde C:/Users/VagnerSilva/.mcuxpressotools/arm-gnu-toolchain-14.2.rel1-mingw-w64-x86_64-arm-none-eabi/bin/../lib/gcc/arm-none-eabi/14.2.1/thumb/v6-m/nofp\libc_nano.a(libc_a-nano-vfprintf_i.o)
                0x00004a50                _printf_common
 *fill*         0x00004b2e        0x2 
 .text._printf_i
                0x00004b30      0x218 C:/Users/VagnerSilva/.mcuxpressotools/arm-gnu-toolchain-14.2.rel1-mingw-w64-x86_64-arm-none-eabi/bin/../lib/gcc/arm-none-eabi/14.2.1/thumb/v6-m/nofp\libc_nano.a(libc_a-nano-vfprintf_i.o)
                0x00004b30                _printf_i
 .text.memmove  0x00004d48       0x24 C:/Users/VagnerSilva/.mcuxpressotools/arm-gnu-toolchain-14.2.rel1-mingw-w64-x86_64-arm-none-eabi/bin/../lib/gcc/arm-none-eabi/14.2.1/thumb/v6-m/nofp\libc_nano.a(libc_a-memmove.o)
                0x00004d48                memmove
 .text.memchr   0x00004d6c       0x16 C:/Users/VagnerSilva/.mcuxpressotools/arm-gnu-toolchain-14.2.rel1-mingw-w64-x86_64-arm-none-eabi/bin/../lib/gcc/arm-none-eabi/14.2.1/thumb/v6-m/nofp\libc_nano.a(libc_a-memchr-stub.o)
                0x00004d6c                memchr
 .text._realloc_r
                0x00004d82       0x60 C:/Users/VagnerSilva/.mcuxpressotools/arm-gnu-toolchain-14.2.rel1-mingw-w64-x86_64-arm-none-eabi/bin/../lib/gcc/arm-none-eabi/14.2.1/thumb/v6-m/nofp\libc_nano.a(libc_a-reallocr.o)
                0x00004d82                _realloc_r
 .text._malloc_usable_size_r
                0x00004de2       0x10 C:/Users/VagnerSilva/.mcuxpressotools/arm-gnu-toolchain-14.2.rel1-mingw-w64-x86_64-arm-none-eabi/bin/../lib/gcc/arm-none-eabi/14.2.1/thumb/v6-m/nofp\libc_nano.a(libc_a-msizer.o)
                0x00004de2                _malloc_usable_size_r
 *fill*         0x00004df2        0x2 
 .text.__muldi3
                0x00004df4       0x5c C:/Users/VagnerSilva/.mcuxpressotools/arm-gnu-toolchain-14.2.rel1-mingw-w64-x86_64-arm-none-eabi/bin/../lib/gcc/arm-none-eabi/14.2.1/thumb/v6-m/nofp\libgcc.a(_muldi3.o)
                0x00004df4                __muldi3
                0x00004df4                __aeabi_lmul
 .text.__udivmoddi4
                0x00004e50      0x198 C:/Users/VagnerSilva/.mcuxpressotools/arm-gnu-toolchain-14.2.rel1-mingw-w64-x86_64-arm-none-eabi/bin/../lib/gcc/arm-none-eabi/14.2.1/thumb/v6-m/nofp\libgcc.a(_udivmoddi4.o)
                0x00004e50                __udivmoddi4
 .text._exit    0x00004fe8        0x4 C:/Users/VagnerSilva/.mcuxpressotools/arm-gnu-toolchain-14.2.rel1-mingw-w64-x86_64-arm-none-eabi/bin/../lib/gcc/arm-none-eabi/14.2.1/thumb/v6-m/nofp\libnosys.a(_exit.o)
                0x00004fe8                _exit
 *(.rodata)
 .rodata        0x00004fec       0x91 CMakeFiles/lpi2c_polling_b2b_slave.elf.dir/board/board.c.obj
 *fill*         0x0000507d        0x3 
 .rodata        0x00005080       0x9b CMakeFiles/lpi2c_polling_b2b_slave.elf.dir/board/clock_config.c.obj
 *fill*         0x0000511b        0x1 
 .rodata        0x0000511c       0x91 CMakeFiles/lpi2c_polling_b2b_slave.elf.dir/board/hardware_init.c.obj
 *fill*         0x000051ad        0x3 
 .rodata        0x000051b0       0x81 CMakeFiles/lpi2c_polling_b2b_slave.elf.dir/board/pin_mux.c.obj
 *fill*         0x00005231        0x3 
 .rodata        0x00005234       0x24 CMakeFiles/lpi2c_polling_b2b_slave.elf.dir/source/main.c.obj
 .rodata        0x00005258      0x11c CMakeFiles/lpi2c_polling_b2b_slave.elf.dir/component/uart/fsl_adapter_lpuart.c.obj
 .rodata        0x00005374      0x145 CMakeFiles/lpi2c_polling_b2b_slave.elf.dir/drivers/fsl_clock.c.obj
 *fill*         0x000054b9        0x3 
 .rodata        0x000054bc       0x5e CMakeFiles/lpi2c_polling_b2b_slave.elf.dir/drivers/fsl_common_arm.c.obj
 *fill*         0x0000551a        0x2 
 .rodata        0x0000551c      0x22a CMakeFiles/lpi2c_polling_b2b_slave.elf.dir/drivers/fsl_lpi2c.c.obj
 *fill*         0x00005746        0x2 
 .rodata        0x00005748      0x282 CMakeFiles/lpi2c_polling_b2b_slave.elf.dir/drivers/fsl_lpuart.c.obj
 *fill*         0x000059ca        0x2 
 .rodata        0x000059cc       0x3e CMakeFiles/lpi2c_polling_b2b_slave.elf.dir/utilities/fsl_assert.c.obj
 *(.rodata*)
 *fill*         0x00005a0a        0x2 
 .rodata.__func__.0
                0x00005a0c        0xf CMakeFiles/lpi2c_polling_b2b_slave.elf.dir/board/board.c.obj
 *fill*         0x00005a1b        0x1 
 .rodata.g_sysClkConfig_BOARD_BootClockRUN
                0x00005a1c        0x4 CMakeFiles/lpi2c_polling_b2b_slave.elf.dir/board/clock_config.c.obj
                0x00005a1c                g_sysClkConfig_BOARD_BootClockRUN
 .rodata.g_scgSircConfig_BOARD_BootClockRUN
                0x00005a20        0x8 CMakeFiles/lpi2c_polling_b2b_slave.elf.dir/board/clock_config.c.obj
                0x00005a20                g_scgSircConfig_BOARD_BootClockRUN
 .rodata.g_scgFircConfig_BOARD_BootClockRUN
                0x00005a28        0xc CMakeFiles/lpi2c_polling_b2b_slave.elf.dir/board/clock_config.c.obj
                0x00005a28                g_scgFircConfig_BOARD_BootClockRUN
 .rodata.__func__.3
                0x00005a34       0x1d CMakeFiles/lpi2c_polling_b2b_slave.elf.dir/board/clock_config.c.obj
 *fill*         0x00005a51        0x3 
 .rodata.__func__.2
                0x00005a54       0x19 CMakeFiles/lpi2c_polling_b2b_slave.elf.dir/board/clock_config.c.obj
 *fill*         0x00005a6d        0x3 
 .rodata.__func__.1
                0x00005a70        0xf CMakeFiles/lpi2c_polling_b2b_slave.elf.dir/board/clock_config.c.obj
 *fill*         0x00005a7f        0x1 
 .rodata.__func__.0
                0x00005a80        0xf CMakeFiles/lpi2c_polling_b2b_slave.elf.dir/board/hardware_init.c.obj
 *fill*         0x00005a8f        0x1 
 .rodata.LPI2C0_masterConfig
                0x00005a90       0x1c CMakeFiles/lpi2c_polling_b2b_slave.elf.dir/board/peripherals.c.obj
                0x00005a90                LPI2C0_masterConfig
 .rodata.LPUART0_config
                0x00005aac       0x14 CMakeFiles/lpi2c_polling_b2b_slave.elf.dir/board/peripherals.c.obj
                0x00005aac                LPUART0_config
 .rodata.__func__.0
                0x00005ac0       0x12 CMakeFiles/lpi2c_polling_b2b_slave.elf.dir/board/pin_mux.c.obj
 *fill*         0x00005ad2        0x2 
 .rodata.Font7x10
                0x00005ad4      0x76c CMakeFiles/lpi2c_polling_b2b_slave.elf.dir/Ssd1306/Src/ssd1306_fonts.c.obj
 .rodata.s_LpuartAdapterBase
                0x00006240        0xc CMakeFiles/lpi2c_polling_b2b_slave.elf.dir/component/uart/fsl_adapter_lpuart.c.obj
 .rodata.__func__.4
                0x0000624c        0xd CMakeFiles/lpi2c_polling_b2b_slave.elf.dir/component/uart/fsl_adapter_lpuart.c.obj
 *fill*         0x00006259        0x3 
 .rodata.__func__.2
                0x0000625c       0x18 CMakeFiles/lpi2c_polling_b2b_slave.elf.dir/component/uart/fsl_adapter_lpuart.c.obj
 .rodata.__func__.1
                0x00006274       0x15 CMakeFiles/lpi2c_polling_b2b_slave.elf.dir/component/uart/fsl_adapter_lpuart.c.obj
 *fill*         0x00006289        0x3 
 .rodata.__func__.12
                0x0000628c       0x10 CMakeFiles/lpi2c_polling_b2b_slave.elf.dir/drivers/fsl_clock.c.obj
 .rodata.__func__.5
                0x0000629c       0x14 CMakeFiles/lpi2c_polling_b2b_slave.elf.dir/drivers/fsl_clock.c.obj
 .rodata.__func__.4
                0x000062b0        0xf CMakeFiles/lpi2c_polling_b2b_slave.elf.dir/drivers/fsl_clock.c.obj
 *fill*         0x000062bf        0x1 
 .rodata.sircFreq.3
                0x000062c0        0x8 CMakeFiles/lpi2c_polling_b2b_slave.elf.dir/drivers/fsl_clock.c.obj
 .rodata.__func__.2
                0x000062c8        0xf CMakeFiles/lpi2c_polling_b2b_slave.elf.dir/drivers/fsl_clock.c.obj
 *fill*         0x000062d7        0x1 
 .rodata.fircFreq.1
                0x000062d8       0x10 CMakeFiles/lpi2c_polling_b2b_slave.elf.dir/drivers/fsl_clock.c.obj
 .rodata.__func__.0
                0x000062e8       0x13 CMakeFiles/lpi2c_polling_b2b_slave.elf.dir/drivers/fsl_common_arm.c.obj
 *fill*         0x000062fb        0x1 
 .rodata.kLpi2cBases
                0x000062fc        0xc CMakeFiles/lpi2c_polling_b2b_slave.elf.dir/drivers/fsl_lpi2c.c.obj
 .rodata.kLpi2cIrqs
                0x00006308        0x3 CMakeFiles/lpi2c_polling_b2b_slave.elf.dir/drivers/fsl_lpi2c.c.obj
                0x00006308                kLpi2cIrqs
 *fill*         0x0000630b        0x1 
 .rodata.kLpi2cClocks
                0x0000630c        0xc CMakeFiles/lpi2c_polling_b2b_slave.elf.dir/drivers/fsl_lpi2c.c.obj
 .rodata.LPI2C_RunTransferStateMachine
                0x00006318       0x18 CMakeFiles/lpi2c_polling_b2b_slave.elf.dir/drivers/fsl_lpi2c.c.obj
 .rodata.__func__.22
                0x00006330       0x12 CMakeFiles/lpi2c_polling_b2b_slave.elf.dir/drivers/fsl_lpi2c.c.obj
 *fill*         0x00006342        0x2 
 .rodata.__func__.21
                0x00006344       0x18 CMakeFiles/lpi2c_polling_b2b_slave.elf.dir/drivers/fsl_lpi2c.c.obj
 .rodata.__func__.20
                0x0000635c       0x12 CMakeFiles/lpi2c_polling_b2b_slave.elf.dir/drivers/fsl_lpi2c.c.obj
 *fill*         0x0000636e        0x2 
 .rodata.__func__.18
                0x00006370       0x14 CMakeFiles/lpi2c_polling_b2b_slave.elf.dir/drivers/fsl_lpi2c.c.obj
 .rodata.__func__.17
                0x00006384       0x11 CMakeFiles/lpi2c_polling_b2b_slave.elf.dir/drivers/fsl_lpi2c.c.obj
 *fill*         0x00006395        0x3 
 .rodata.__func__.16
                0x00006398       0x1d CMakeFiles/lpi2c_polling_b2b_slave.elf.dir/drivers/fsl_lpi2c.c.obj
 *fill*         0x000063b5        0x3 
 .rodata.__func__.15
                0x000063b8       0x21 CMakeFiles/lpi2c_polling_b2b_slave.elf.dir/drivers/fsl_lpi2c.c.obj
 *fill*         0x000063d9        0x3 
 .rodata.__func__.14
                0x000063dc       0x26 CMakeFiles/lpi2c_polling_b2b_slave.elf.dir/drivers/fsl_lpi2c.c.obj
 *fill*         0x00006402        0x2 
 .rodata.__func__.13
                0x00006404       0x26 CMakeFiles/lpi2c_polling_b2b_slave.elf.dir/drivers/fsl_lpi2c.c.obj
 *fill*         0x0000642a        0x2 
 .rodata.__func__.12
                0x0000642c       0x27 CMakeFiles/lpi2c_polling_b2b_slave.elf.dir/drivers/fsl_lpi2c.c.obj
 *fill*         0x00006453        0x1 
 .rodata.__func__.11
                0x00006454       0x24 CMakeFiles/lpi2c_polling_b2b_slave.elf.dir/drivers/fsl_lpi2c.c.obj
 .rodata.__func__.10
                0x00006478       0x24 CMakeFiles/lpi2c_polling_b2b_slave.elf.dir/drivers/fsl_lpi2c.c.obj
 .rodata.__func__.9
                0x0000649c       0x1e CMakeFiles/lpi2c_polling_b2b_slave.elf.dir/drivers/fsl_lpi2c.c.obj
 *fill*         0x000064ba        0x2 
 .rodata.__func__.6
                0x000064bc       0x1e CMakeFiles/lpi2c_polling_b2b_slave.elf.dir/drivers/fsl_lpi2c.c.obj
 *fill*         0x000064da        0x2 
 .rodata.s_lpuartBases
                0x000064dc        0xc CMakeFiles/lpi2c_polling_b2b_slave.elf.dir/drivers/fsl_lpuart.c.obj
 .rodata.s_lpuartClock
                0x000064e8        0xc CMakeFiles/lpi2c_polling_b2b_slave.elf.dir/drivers/fsl_lpuart.c.obj
 .rodata.__func__.27
                0x000064f4       0x13 CMakeFiles/lpi2c_polling_b2b_slave.elf.dir/drivers/fsl_lpuart.c.obj
 *fill*         0x00006507        0x1 
 .rodata.__func__.20
                0x00006508        0xc CMakeFiles/lpi2c_polling_b2b_slave.elf.dir/drivers/fsl_lpuart.c.obj
 .rodata.__func__.19
                0x00006514       0x12 CMakeFiles/lpi2c_polling_b2b_slave.elf.dir/drivers/fsl_lpuart.c.obj
 *fill*         0x00006526        0x2 
 .rodata.__func__.17
                0x00006528       0x18 CMakeFiles/lpi2c_polling_b2b_slave.elf.dir/drivers/fsl_lpuart.c.obj
 .rodata.__func__.13
                0x00006540       0x15 CMakeFiles/lpi2c_polling_b2b_slave.elf.dir/drivers/fsl_lpuart.c.obj
 *fill*         0x00006555        0x3 
 .rodata.__func__.11
                0x00006558       0x14 CMakeFiles/lpi2c_polling_b2b_slave.elf.dir/drivers/fsl_lpuart.c.obj
 .rodata._svfprintf_r.str1.1
                0x0000656c       0x33 C:/Users/VagnerSilva/.mcuxpressotools/arm-gnu-toolchain-14.2.rel1-mingw-w64-x86_64-arm-none-eabi/bin/../lib/gcc/arm-none-eabi/14.2.1/thumb/v6-m/nofp\libc_nano.a(libc_a-nano-svfprintf.o)
                                 0x11 (size before relaxing)
 .rodata._printf_i.str1.1
                0x0000659f       0x22 C:/Users/VagnerSilva/.mcuxpressotools/arm-gnu-toolchain-14.2.rel1-mingw-w64-x86_64-arm-none-eabi/bin/../lib/gcc/arm-none-eabi/14.2.1/thumb/v6-m/nofp\libc_nano.a(libc_a-nano-vfprintf_i.o)
 *(.glue_7)
 .glue_7        0x0000659f        0x0 linker stubs
 *(.glue_7t)
 .glue_7t       0x0000659f        0x0 linker stubs
 *(.eh_frame)
 *fill*         0x0000659f        0x1 
 .eh_frame      0x000065a0        0x0 C:/Users/VagnerSilva/.mcuxpressotools/arm-gnu-toolchain-14.2.rel1-mingw-w64-x86_64-arm-none-eabi/bin/../lib/gcc/arm-none-eabi/14.2.1/thumb/v6-m/nofp/crtbegin.o
 *(.init)
 .init          0x000065a0        0x4 C:/Users/VagnerSilva/.mcuxpressotools/arm-gnu-toolchain-14.2.rel1-mingw-w64-x86_64-arm-none-eabi/bin/../lib/gcc/arm-none-eabi/14.2.1/thumb/v6-m/nofp/crti.o
                0x000065a0                _init
 .init          0x000065a4        0x8 C:/Users/VagnerSilva/.mcuxpressotools/arm-gnu-toolchain-14.2.rel1-mingw-w64-x86_64-arm-none-eabi/bin/../lib/gcc/arm-none-eabi/14.2.1/thumb/v6-m/nofp/crtn.o
 *(.fini)
 .fini          0x000065ac        0x4 C:/Users/VagnerSilva/.mcuxpressotools/arm-gnu-toolchain-14.2.rel1-mingw-w64-x86_64-arm-none-eabi/bin/../lib/gcc/arm-none-eabi/14.2.1/thumb/v6-m/nofp/crti.o
                0x000065ac                _fini
 .fini          0x000065b0        0x8 C:/Users/VagnerSilva/.mcuxpressotools/arm-gnu-toolchain-14.2.rel1-mingw-w64-x86_64-arm-none-eabi/bin/../lib/gcc/arm-none-eabi/14.2.1/thumb/v6-m/nofp/crtn.o
                0x000065b8                        . = ALIGN (0x4)

.vfp11_veneer   0x000065b8        0x0
 .vfp11_veneer  0x000065b8        0x0 linker stubs

.v4_bx          0x000065b8        0x0
 .v4_bx         0x000065b8        0x0 linker stubs

.iplt           0x000065b8        0x0
 .iplt          0x000065b8        0x0 C:/Users/VagnerSilva/.mcuxpressotools/arm-gnu-toolchain-14.2.rel1-mingw-w64-x86_64-arm-none-eabi/bin/../lib/gcc/arm-none-eabi/14.2.1/thumb/v6-m/nofp/crtbegin.o

.ARM.extab
 *(.ARM.extab* .gnu.linkonce.armextab.*)

.ARM            0x000065b8        0x8
                0x000065b8                        __exidx_start = .
 *(.ARM.exidx*)
 .ARM.exidx     0x000065b8        0x8 C:/Users/VagnerSilva/.mcuxpressotools/arm-gnu-toolchain-14.2.rel1-mingw-w64-x86_64-arm-none-eabi/bin/../lib/gcc/arm-none-eabi/14.2.1/thumb/v6-m/nofp/crt0.o
                                 0x10 (size before relaxing)
 .ARM.exidx.text.__udivmoddi4
                0x000065c0        0x0 C:/Users/VagnerSilva/.mcuxpressotools/arm-gnu-toolchain-14.2.rel1-mingw-w64-x86_64-arm-none-eabi/bin/../lib/gcc/arm-none-eabi/14.2.1/thumb/v6-m/nofp\libgcc.a(_udivmoddi4.o)
                                  0x8 (size before relaxing)
                0x000065c0                        __exidx_end = .

.rel.dyn        0x000065c0        0x0
 .rel.iplt      0x000065c0        0x0 C:/Users/VagnerSilva/.mcuxpressotools/arm-gnu-toolchain-14.2.rel1-mingw-w64-x86_64-arm-none-eabi/bin/../lib/gcc/arm-none-eabi/14.2.1/thumb/v6-m/nofp/crtbegin.o

.ctors          0x000065c0        0x0
                0x000065c0                        __CTOR_LIST__ = .
 *crtbegin.o(.ctors)
 *crtbegin?.o(.ctors)
 *(EXCLUDE_FILE(*crtend.o *crtend?.o) .ctors)
 *(SORT_BY_NAME(.ctors.*))
 *(.ctors)
                0x000065c0                        __CTOR_END__ = .

.dtors          0x000065c0        0x0
                0x000065c0                        __DTOR_LIST__ = .
 *crtbegin.o(.dtors)
 *crtbegin?.o(.dtors)
 *(EXCLUDE_FILE(*crtend.o *crtend?.o) .dtors)
 *(SORT_BY_NAME(.dtors.*))
 *(.dtors)
                0x000065c0                        __DTOR_END__ = .

.preinit_array  0x000065c0        0x0
                0x000065c0                        PROVIDE (__preinit_array_start = .)
 *(.preinit_array*)
                0x000065c0                        PROVIDE (__preinit_array_end = .)

.init_array     0x000065c0        0x4
                0x000065c0                        PROVIDE (__init_array_start = .)
 *(SORT_BY_NAME(.init_array.*))
 *(.init_array*)
 .init_array    0x000065c0        0x4 C:/Users/VagnerSilva/.mcuxpressotools/arm-gnu-toolchain-14.2.rel1-mingw-w64-x86_64-arm-none-eabi/bin/../lib/gcc/arm-none-eabi/14.2.1/thumb/v6-m/nofp/crtbegin.o
                0x000065c4                        PROVIDE (__init_array_end = .)

.fini_array     0x000065c4        0x4
                [!provide]                        PROVIDE (__fini_array_start = .)
 *(SORT_BY_NAME(.fini_array.*))
 *(.fini_array*)
 .fini_array    0x000065c4        0x4 C:/Users/VagnerSilva/.mcuxpressotools/arm-gnu-toolchain-14.2.rel1-mingw-w64-x86_64-arm-none-eabi/bin/../lib/gcc/arm-none-eabi/14.2.1/thumb/v6-m/nofp/crtbegin.o
                [!provide]                        PROVIDE (__fini_array_end = .)
                0x000065c8                        __etext = .
                0x000065c8                        __DATA_ROM = .

.mtb            0x1fff8000        0x0
                0x1fff8000                        . = ALIGN (0x8)
                0x1fff8000                        _mtb_start = .
 *(.mtb_buf)
                0x1fff8000                        . = ALIGN (0x8)
                0x1fff8000                        _mtb_end = .

.data           0x1fff8000       0xa0 load address 0x000065c8
                0x1fff8000                        . = ALIGN (0x4)
                0x1fff8000                        __DATA_RAM = .
                0x1fff8000                        __data_start__ = .
 *(.data)
 *(.data*)
 .data.txbuff   0x1fff8000       0x42 CMakeFiles/lpi2c_polling_b2b_slave.elf.dir/source/main.c.obj
                0x1fff8000                txbuff
 *fill*         0x1fff8042        0x2 
 .data.Font_7x10
                0x1fff8044        0x8 CMakeFiles/lpi2c_polling_b2b_slave.elf.dir/Ssd1306/Src/ssd1306_fonts.c.obj
                0x1fff8044                Font_7x10
 .data.SystemCoreClock
                0x1fff804c        0x4 CMakeFiles/lpi2c_polling_b2b_slave.elf.dir/device/system_K32L2A41A.c.obj
                0x1fff804c                SystemCoreClock
 .data._impure_ptr
                0x1fff8050        0x4 C:/Users/VagnerSilva/.mcuxpressotools/arm-gnu-toolchain-14.2.rel1-mingw-w64-x86_64-arm-none-eabi/bin/../lib/gcc/arm-none-eabi/14.2.1/thumb/v6-m/nofp\libc_nano.a(libc_a-impure.o)
                0x1fff8050                _impure_ptr
 .data._impure_data
                0x1fff8054       0x4c C:/Users/VagnerSilva/.mcuxpressotools/arm-gnu-toolchain-14.2.rel1-mingw-w64-x86_64-arm-none-eabi/bin/../lib/gcc/arm-none-eabi/14.2.1/thumb/v6-m/nofp\libc_nano.a(libc_a-impure.o)
                0x1fff8054                _impure_data
 *(NonCacheable.init)
 *(NonCacheable)
 *(CodeQuickAccess)
 *(DataQuickAccess)
 *(.jcr*)
                0x1fff80a0                        . = ALIGN (0x4)
                0x1fff80a0                        __data_end__ = .
                0x00006668                        __DATA_END = (__DATA_ROM + (__data_end__ - __data_start__))
                0x00080000                        text_end = (ORIGIN (m_text) + LENGTH (m_text))
                0x00000001                        ASSERT ((__DATA_END <= text_end), region m_text overflowed with text and data)

.tm_clone_table
                0x1fff80a0        0x0 load address 0x00006668
 .tm_clone_table
                0x1fff80a0        0x0 C:/Users/VagnerSilva/.mcuxpressotools/arm-gnu-toolchain-14.2.rel1-mingw-w64-x86_64-arm-none-eabi/bin/../lib/gcc/arm-none-eabi/14.2.1/thumb/v6-m/nofp/crtbegin.o
 .tm_clone_table
                0x1fff80a0        0x0 C:/Users/VagnerSilva/.mcuxpressotools/arm-gnu-toolchain-14.2.rel1-mingw-w64-x86_64-arm-none-eabi/bin/../lib/gcc/arm-none-eabi/14.2.1/thumb/v6-m/nofp/crtend.o

.igot.plt       0x1fff80a0        0x0 load address 0x00006668
 .igot.plt      0x1fff80a0        0x0 C:/Users/VagnerSilva/.mcuxpressotools/arm-gnu-toolchain-14.2.rel1-mingw-w64-x86_64-arm-none-eabi/bin/../lib/gcc/arm-none-eabi/14.2.1/thumb/v6-m/nofp/crtbegin.o

.bss            0x1fff80a0      0x610 load address 0x00006668
                0x1fff80a0                        . = ALIGN (0x4)
                0x1fff80a0                        __START_BSS = .
                0x1fff80a0                        __bss_start__ = .
 *(.bss)
 *(.bss*)
 .bss.completed.1
                0x1fff80a0        0x1 C:/Users/VagnerSilva/.mcuxpressotools/arm-gnu-toolchain-14.2.rel1-mingw-w64-x86_64-arm-none-eabi/bin/../lib/gcc/arm-none-eabi/14.2.1/thumb/v6-m/nofp/crtbegin.o
 *fill*         0x1fff80a1        0x3 
 .bss.object.0  0x1fff80a4       0x18 C:/Users/VagnerSilva/.mcuxpressotools/arm-gnu-toolchain-14.2.rel1-mingw-w64-x86_64-arm-none-eabi/bin/../lib/gcc/arm-none-eabi/14.2.1/thumb/v6-m/nofp/crtbegin.o
 .bss.LPI2C0_masterHandle
                0x1fff80bc       0x34 CMakeFiles/lpi2c_polling_b2b_slave.elf.dir/board/peripherals.c.obj
                0x1fff80bc                LPI2C0_masterHandle
 .bss.rxbuff    0x1fff80f0       0x14 CMakeFiles/lpi2c_polling_b2b_slave.elf.dir/source/main.c.obj
                0x1fff80f0                rxbuff
 .bss.SSD1306_Buffer
                0x1fff8104      0x401 CMakeFiles/lpi2c_polling_b2b_slave.elf.dir/Ssd1306/Src/ssd1306.c.obj
                0x1fff8104                SSD1306_Buffer
 *fill*         0x1fff8505        0x3 
 .bss.SSD1306   0x1fff8508        0x6 CMakeFiles/lpi2c_polling_b2b_slave.elf.dir/Ssd1306/Src/ssd1306.c.obj
 *fill*         0x1fff850e        0x2 
 .bss.g_xtal0Freq
                0x1fff8510        0x4 CMakeFiles/lpi2c_polling_b2b_slave.elf.dir/drivers/fsl_clock.c.obj
                0x1fff8510                g_xtal0Freq
 .bss.s_lpi2cMasterIsr
                0x1fff8514        0x4 CMakeFiles/lpi2c_polling_b2b_slave.elf.dir/drivers/fsl_lpi2c.c.obj
                0x1fff8514                s_lpi2cMasterIsr
 .bss.s_lpi2cMasterHandle
                0x1fff8518        0xc CMakeFiles/lpi2c_polling_b2b_slave.elf.dir/drivers/fsl_lpi2c.c.obj
                0x1fff8518                s_lpi2cMasterHandle
 .bss.s_lpi2cSlaveIsr
                0x1fff8524        0x4 CMakeFiles/lpi2c_polling_b2b_slave.elf.dir/drivers/fsl_lpi2c.c.obj
 .bss.s_lpi2cSlaveHandle
                0x1fff8528        0xc CMakeFiles/lpi2c_polling_b2b_slave.elf.dir/drivers/fsl_lpi2c.c.obj
 .bss.s_lpuartHandle
                0x1fff8534        0xc CMakeFiles/lpi2c_polling_b2b_slave.elf.dir/drivers/fsl_lpuart.c.obj
                0x1fff8534                s_lpuartHandle
 .bss.s_lpuartIsr
                0x1fff8540        0xc CMakeFiles/lpi2c_polling_b2b_slave.elf.dir/drivers/fsl_lpuart.c.obj
                0x1fff8540                s_lpuartIsr
 .bss.heap_end.0
                0x1fff854c        0x4 CMakeFiles/lpi2c_polling_b2b_slave.elf.dir/utilities/fsl_sbrk.c.obj
 .bss.s_debugConsole
                0x1fff8550       0x14 CMakeFiles/lpi2c_polling_b2b_slave.elf.dir/utilities/debug_console_lite/fsl_debug_console.c.obj
 .bss.__malloc_sbrk_start
                0x1fff8564        0x4 C:/Users/VagnerSilva/.mcuxpressotools/arm-gnu-toolchain-14.2.rel1-mingw-w64-x86_64-arm-none-eabi/bin/../lib/gcc/arm-none-eabi/14.2.1/thumb/v6-m/nofp\libc_nano.a(libc_a-mallocr.o)
                0x1fff8564                __malloc_sbrk_start
 .bss.__malloc_free_list
                0x1fff8568        0x4 C:/Users/VagnerSilva/.mcuxpressotools/arm-gnu-toolchain-14.2.rel1-mingw-w64-x86_64-arm-none-eabi/bin/../lib/gcc/arm-none-eabi/14.2.1/thumb/v6-m/nofp\libc_nano.a(libc_a-mallocr.o)
                0x1fff8568                __malloc_free_list
 .bss.__sf      0x1fff856c      0x138 C:/Users/VagnerSilva/.mcuxpressotools/arm-gnu-toolchain-14.2.rel1-mingw-w64-x86_64-arm-none-eabi/bin/../lib/gcc/arm-none-eabi/14.2.1/thumb/v6-m/nofp\libc_nano.a(libc_a-findfp.o)
                0x1fff856c                __sf
 .bss.__stdio_exit_handler
                0x1fff86a4        0x4 C:/Users/VagnerSilva/.mcuxpressotools/arm-gnu-toolchain-14.2.rel1-mingw-w64-x86_64-arm-none-eabi/bin/../lib/gcc/arm-none-eabi/14.2.1/thumb/v6-m/nofp\libc_nano.a(libc_a-findfp.o)
                0x1fff86a4                __stdio_exit_handler
 .bss.errno     0x1fff86a8        0x4 C:/Users/VagnerSilva/.mcuxpressotools/arm-gnu-toolchain-14.2.rel1-mingw-w64-x86_64-arm-none-eabi/bin/../lib/gcc/arm-none-eabi/14.2.1/thumb/v6-m/nofp\libc_nano.a(libc_a-reent.o)
                0x1fff86a8                errno
 .bss.__lock___malloc_recursive_mutex
                0x1fff86ac        0x1 C:/Users/VagnerSilva/.mcuxpressotools/arm-gnu-toolchain-14.2.rel1-mingw-w64-x86_64-arm-none-eabi/bin/../lib/gcc/arm-none-eabi/14.2.1/thumb/v6-m/nofp\libc_nano.a(libc_a-lock.o)
                0x1fff86ac                __lock___malloc_recursive_mutex
 *(COMMON)
                0x1fff86b0                        . = ALIGN (0x4)
 *fill*         0x1fff86ad        0x3 
                0x1fff86b0                        __bss_end__ = .
                0x1fff86b0                        __END_BSS = .

.heap           0x1fff86b0      0x400 load address 0x00006c78
                0x1fff86b0                        . = ALIGN (0x8)
                0x1fff86b0                        __end__ = .
                0x1fff86b0                        PROVIDE (end = .)
                0x1fff86b0                        __HeapBase = .
                0x1fff8ab0                        . = (. + HEAP_SIZE)
 *fill*         0x1fff86b0      0x400 
                0x1fff8ab0                        __HeapLimit = .
                0x1fff8ab0                        __heap_limit = .

.stack          0x1fff8ab0      0x400 load address 0x00007078
                0x1fff8ab0                        . = ALIGN (0x8)
                0x1fff8eb0                        . = (. + STACK_SIZE)
 *fill*         0x1fff8ab0      0x400 

m_usb_bdt       0x40100000        0x0
                0x40100000                        . = ALIGN (0x200)
 *(m_usb_bdt)

m_usb_global
 *(m_usb_global)
                0x20018000                        __StackTop = (ORIGIN (m_data) + LENGTH (m_data))
                0x20017c00                        __StackLimit = (__StackTop - STACK_SIZE)
                0x20018000                        PROVIDE (__stack = __StackTop)

.ARM.attributes
                0x00000000       0x28
 *(.ARM.attributes)
 .ARM.attributes
                0x00000000       0x1e C:/Users/VagnerSilva/.mcuxpressotools/arm-gnu-toolchain-14.2.rel1-mingw-w64-x86_64-arm-none-eabi/bin/../lib/gcc/arm-none-eabi/14.2.1/thumb/v6-m/nofp/crti.o
 .ARM.attributes
                0x0000001e       0x2c C:/Users/VagnerSilva/.mcuxpressotools/arm-gnu-toolchain-14.2.rel1-mingw-w64-x86_64-arm-none-eabi/bin/../lib/gcc/arm-none-eabi/14.2.1/thumb/v6-m/nofp/crtbegin.o
 .ARM.attributes
                0x0000004a       0x1b C:/Users/VagnerSilva/.mcuxpressotools/arm-gnu-toolchain-14.2.rel1-mingw-w64-x86_64-arm-none-eabi/bin/../lib/gcc/arm-none-eabi/14.2.1/thumb/v6-m/nofp/crt0.o
 .ARM.attributes
                0x00000065       0x2c CMakeFiles/lpi2c_polling_b2b_slave.elf.dir/board/board.c.obj
 .ARM.attributes
                0x00000091       0x2c CMakeFiles/lpi2c_polling_b2b_slave.elf.dir/board/clock_config.c.obj
 .ARM.attributes
                0x000000bd       0x2c CMakeFiles/lpi2c_polling_b2b_slave.elf.dir/board/hardware_init.c.obj
 .ARM.attributes
                0x000000e9       0x2c CMakeFiles/lpi2c_polling_b2b_slave.elf.dir/board/peripherals.c.obj
 .ARM.attributes
                0x00000115       0x2c CMakeFiles/lpi2c_polling_b2b_slave.elf.dir/board/pin_mux.c.obj
 .ARM.attributes
                0x00000141       0x2c CMakeFiles/lpi2c_polling_b2b_slave.elf.dir/source/main.c.obj
 .ARM.attributes
                0x0000016d       0x2c CMakeFiles/lpi2c_polling_b2b_slave.elf.dir/Ssd1306/Src/ssd1306.c.obj
 .ARM.attributes
                0x00000199       0x2c CMakeFiles/lpi2c_polling_b2b_slave.elf.dir/Ssd1306/Src/ssd1306_fonts.c.obj
 .ARM.attributes
                0x000001c5       0x2c CMakeFiles/lpi2c_polling_b2b_slave.elf.dir/component/uart/fsl_adapter_lpuart.c.obj
 .ARM.attributes
                0x000001f1       0x1b CMakeFiles/lpi2c_polling_b2b_slave.elf.dir/startup/gcc/startup_K32L2A41A.S.obj
 .ARM.attributes
                0x0000020c       0x2c CMakeFiles/lpi2c_polling_b2b_slave.elf.dir/device/system_K32L2A41A.c.obj
 .ARM.attributes
                0x00000238       0x2c CMakeFiles/lpi2c_polling_b2b_slave.elf.dir/drivers/fsl_clock.c.obj
 .ARM.attributes
                0x00000264       0x2c CMakeFiles/lpi2c_polling_b2b_slave.elf.dir/drivers/fsl_common_arm.c.obj
 .ARM.attributes
                0x00000290       0x2c CMakeFiles/lpi2c_polling_b2b_slave.elf.dir/drivers/fsl_lpi2c.c.obj
 .ARM.attributes
                0x000002bc       0x2c CMakeFiles/lpi2c_polling_b2b_slave.elf.dir/drivers/fsl_lpuart.c.obj
 .ARM.attributes
                0x000002e8       0x2c CMakeFiles/lpi2c_polling_b2b_slave.elf.dir/utilities/fsl_sbrk.c.obj
 .ARM.attributes
                0x00000314       0x2c CMakeFiles/lpi2c_polling_b2b_slave.elf.dir/utilities/fsl_assert.c.obj
 .ARM.attributes
                0x00000340       0x2c CMakeFiles/lpi2c_polling_b2b_slave.elf.dir/utilities/debug_console_lite/fsl_debug_console.c.obj
 .ARM.attributes
                0x0000036c       0x2c C:/Users/VagnerSilva/.mcuxpressotools/arm-gnu-toolchain-14.2.rel1-mingw-w64-x86_64-arm-none-eabi/bin/../lib/gcc/arm-none-eabi/14.2.1/thumb/v6-m/nofp\libc_nano.a(libc_a-exit.o)
 .ARM.attributes
                0x00000398       0x2c C:/Users/VagnerSilva/.mcuxpressotools/arm-gnu-toolchain-14.2.rel1-mingw-w64-x86_64-arm-none-eabi/bin/../lib/gcc/arm-none-eabi/14.2.1/thumb/v6-m/nofp\libc_nano.a(libc_a-mallocr.o)
 .ARM.attributes
                0x000003c4       0x2c C:/Users/VagnerSilva/.mcuxpressotools/arm-gnu-toolchain-14.2.rel1-mingw-w64-x86_64-arm-none-eabi/bin/../lib/gcc/arm-none-eabi/14.2.1/thumb/v6-m/nofp\libc_nano.a(libc_a-mlock.o)
 .ARM.attributes
                0x000003f0       0x2c C:/Users/VagnerSilva/.mcuxpressotools/arm-gnu-toolchain-14.2.rel1-mingw-w64-x86_64-arm-none-eabi/bin/../lib/gcc/arm-none-eabi/14.2.1/thumb/v6-m/nofp\libc_nano.a(libc_a-findfp.o)
 .ARM.attributes
                0x0000041c       0x2c C:/Users/VagnerSilva/.mcuxpressotools/arm-gnu-toolchain-14.2.rel1-mingw-w64-x86_64-arm-none-eabi/bin/../lib/gcc/arm-none-eabi/14.2.1/thumb/v6-m/nofp\libc_nano.a(libc_a-sprintf.o)
 .ARM.attributes
                0x00000448       0x2c C:/Users/VagnerSilva/.mcuxpressotools/arm-gnu-toolchain-14.2.rel1-mingw-w64-x86_64-arm-none-eabi/bin/../lib/gcc/arm-none-eabi/14.2.1/thumb/v6-m/nofp\libc_nano.a(libc_a-memset.o)
 .ARM.attributes
                0x00000474       0x2c C:/Users/VagnerSilva/.mcuxpressotools/arm-gnu-toolchain-14.2.rel1-mingw-w64-x86_64-arm-none-eabi/bin/../lib/gcc/arm-none-eabi/14.2.1/thumb/v6-m/nofp\libc_nano.a(libc_a-reent.o)
 .ARM.attributes
                0x000004a0       0x2c C:/Users/VagnerSilva/.mcuxpressotools/arm-gnu-toolchain-14.2.rel1-mingw-w64-x86_64-arm-none-eabi/bin/../lib/gcc/arm-none-eabi/14.2.1/thumb/v6-m/nofp\libc_nano.a(libc_a-impure.o)
 .ARM.attributes
                0x000004cc       0x2c C:/Users/VagnerSilva/.mcuxpressotools/arm-gnu-toolchain-14.2.rel1-mingw-w64-x86_64-arm-none-eabi/bin/../lib/gcc/arm-none-eabi/14.2.1/thumb/v6-m/nofp\libc_nano.a(libc_a-sbrkr.o)
 .ARM.attributes
                0x000004f8       0x2c C:/Users/VagnerSilva/.mcuxpressotools/arm-gnu-toolchain-14.2.rel1-mingw-w64-x86_64-arm-none-eabi/bin/../lib/gcc/arm-none-eabi/14.2.1/thumb/v6-m/nofp\libc_nano.a(libc_a-errno.o)
 .ARM.attributes
                0x00000524       0x2c C:/Users/VagnerSilva/.mcuxpressotools/arm-gnu-toolchain-14.2.rel1-mingw-w64-x86_64-arm-none-eabi/bin/../lib/gcc/arm-none-eabi/14.2.1/thumb/v6-m/nofp\libc_nano.a(libc_a-init.o)
 .ARM.attributes
                0x00000550       0x2c C:/Users/VagnerSilva/.mcuxpressotools/arm-gnu-toolchain-14.2.rel1-mingw-w64-x86_64-arm-none-eabi/bin/../lib/gcc/arm-none-eabi/14.2.1/thumb/v6-m/nofp\libc_nano.a(libc_a-lock.o)
 .ARM.attributes
                0x0000057c       0x2c C:/Users/VagnerSilva/.mcuxpressotools/arm-gnu-toolchain-14.2.rel1-mingw-w64-x86_64-arm-none-eabi/bin/../lib/gcc/arm-none-eabi/14.2.1/thumb/v6-m/nofp\libc_nano.a(libc_a-memcpy-stub.o)
 .ARM.attributes
                0x000005a8       0x1c C:/Users/VagnerSilva/.mcuxpressotools/arm-gnu-toolchain-14.2.rel1-mingw-w64-x86_64-arm-none-eabi/bin/../lib/gcc/arm-none-eabi/14.2.1/thumb/v6-m/nofp\libc_nano.a(libc_a-strlen.o)
 .ARM.attributes
                0x000005c4       0x2c C:/Users/VagnerSilva/.mcuxpressotools/arm-gnu-toolchain-14.2.rel1-mingw-w64-x86_64-arm-none-eabi/bin/../lib/gcc/arm-none-eabi/14.2.1/thumb/v6-m/nofp\libc_nano.a(libc_a-freer.o)
 .ARM.attributes
                0x000005f0       0x2c C:/Users/VagnerSilva/.mcuxpressotools/arm-gnu-toolchain-14.2.rel1-mingw-w64-x86_64-arm-none-eabi/bin/../lib/gcc/arm-none-eabi/14.2.1/thumb/v6-m/nofp\libc_nano.a(libc_a-nano-svfprintf.o)
 .ARM.attributes
                0x0000061c       0x2c C:/Users/VagnerSilva/.mcuxpressotools/arm-gnu-toolchain-14.2.rel1-mingw-w64-x86_64-arm-none-eabi/bin/../lib/gcc/arm-none-eabi/14.2.1/thumb/v6-m/nofp\libc_nano.a(libc_a-nano-vfprintf_i.o)
 .ARM.attributes
                0x00000648       0x2c C:/Users/VagnerSilva/.mcuxpressotools/arm-gnu-toolchain-14.2.rel1-mingw-w64-x86_64-arm-none-eabi/bin/../lib/gcc/arm-none-eabi/14.2.1/thumb/v6-m/nofp\libc_nano.a(libc_a-memmove.o)
 .ARM.attributes
                0x00000674       0x2c C:/Users/VagnerSilva/.mcuxpressotools/arm-gnu-toolchain-14.2.rel1-mingw-w64-x86_64-arm-none-eabi/bin/../lib/gcc/arm-none-eabi/14.2.1/thumb/v6-m/nofp\libc_nano.a(libc_a-memchr-stub.o)
 .ARM.attributes
                0x000006a0       0x2c C:/Users/VagnerSilva/.mcuxpressotools/arm-gnu-toolchain-14.2.rel1-mingw-w64-x86_64-arm-none-eabi/bin/../lib/gcc/arm-none-eabi/14.2.1/thumb/v6-m/nofp\libc_nano.a(libc_a-reallocr.o)
 .ARM.attributes
                0x000006cc       0x2c C:/Users/VagnerSilva/.mcuxpressotools/arm-gnu-toolchain-14.2.rel1-mingw-w64-x86_64-arm-none-eabi/bin/../lib/gcc/arm-none-eabi/14.2.1/thumb/v6-m/nofp\libc_nano.a(libc_a-msizer.o)
 .ARM.attributes
                0x000006f8       0x1e C:/Users/VagnerSilva/.mcuxpressotools/arm-gnu-toolchain-14.2.rel1-mingw-w64-x86_64-arm-none-eabi/bin/../lib/gcc/arm-none-eabi/14.2.1/thumb/v6-m/nofp\libgcc.a(_thumb1_case_shi.o)
 .ARM.attributes
                0x00000716       0x1e C:/Users/VagnerSilva/.mcuxpressotools/arm-gnu-toolchain-14.2.rel1-mingw-w64-x86_64-arm-none-eabi/bin/../lib/gcc/arm-none-eabi/14.2.1/thumb/v6-m/nofp\libgcc.a(_udivsi3.o)
 .ARM.attributes
                0x00000734       0x1e C:/Users/VagnerSilva/.mcuxpressotools/arm-gnu-toolchain-14.2.rel1-mingw-w64-x86_64-arm-none-eabi/bin/../lib/gcc/arm-none-eabi/14.2.1/thumb/v6-m/nofp\libgcc.a(_dvmd_tls.o)
 .ARM.attributes
                0x00000752       0x1e C:/Users/VagnerSilva/.mcuxpressotools/arm-gnu-toolchain-14.2.rel1-mingw-w64-x86_64-arm-none-eabi/bin/../lib/gcc/arm-none-eabi/14.2.1/thumb/v6-m/nofp\libgcc.a(_aeabi_uldivmod.o)
 .ARM.attributes
                0x00000770       0x2c C:/Users/VagnerSilva/.mcuxpressotools/arm-gnu-toolchain-14.2.rel1-mingw-w64-x86_64-arm-none-eabi/bin/../lib/gcc/arm-none-eabi/14.2.1/thumb/v6-m/nofp\libgcc.a(_muldi3.o)
 .ARM.attributes
                0x0000079c       0x2c C:/Users/VagnerSilva/.mcuxpressotools/arm-gnu-toolchain-14.2.rel1-mingw-w64-x86_64-arm-none-eabi/bin/../lib/gcc/arm-none-eabi/14.2.1/thumb/v6-m/nofp\libgcc.a(_udivmoddi4.o)
 .ARM.attributes
                0x000007c8       0x1e C:/Users/VagnerSilva/.mcuxpressotools/arm-gnu-toolchain-14.2.rel1-mingw-w64-x86_64-arm-none-eabi/bin/../lib/gcc/arm-none-eabi/14.2.1/thumb/v6-m/nofp\libgcc.a(_clzdi2.o)
 .ARM.attributes
                0x000007e6       0x1e C:/Users/VagnerSilva/.mcuxpressotools/arm-gnu-toolchain-14.2.rel1-mingw-w64-x86_64-arm-none-eabi/bin/../lib/gcc/arm-none-eabi/14.2.1/thumb/v6-m/nofp\libgcc.a(_clzsi2.o)
 .ARM.attributes
                0x00000804       0x2c C:/Users/VagnerSilva/.mcuxpressotools/arm-gnu-toolchain-14.2.rel1-mingw-w64-x86_64-arm-none-eabi/bin/../lib/gcc/arm-none-eabi/14.2.1/thumb/v6-m/nofp\libnosys.a(_exit.o)
 .ARM.attributes
                0x00000830       0x2c C:/Users/VagnerSilva/.mcuxpressotools/arm-gnu-toolchain-14.2.rel1-mingw-w64-x86_64-arm-none-eabi/bin/../lib/gcc/arm-none-eabi/14.2.1/thumb/v6-m/nofp/crtend.o
 .ARM.attributes
                0x0000085c       0x1e C:/Users/VagnerSilva/.mcuxpressotools/arm-gnu-toolchain-14.2.rel1-mingw-w64-x86_64-arm-none-eabi/bin/../lib/gcc/arm-none-eabi/14.2.1/thumb/v6-m/nofp/crtn.o
                0x00000001                        ASSERT ((__StackLimit >= __HeapLimit), region m_data overflowed with stack and heap)
OUTPUT(C:\NXP\projetos\Uart_I2c\lpi2c_polling_b2b_slave\debug\lpi2c_polling_b2b_slave.elf elf32-littlearm)
LOAD linker stubs

.debug_line_str
                0x00000000      0x32c
 .debug_line_str
                0x00000000      0x32c C:/Users/VagnerSilva/.mcuxpressotools/arm-gnu-toolchain-14.2.rel1-mingw-w64-x86_64-arm-none-eabi/bin/../lib/gcc/arm-none-eabi/14.2.1/thumb/v6-m/nofp/crt0.o
                                 0xd6 (size before relaxing)
 .debug_line_str
                0x0000032c       0x92 CMakeFiles/lpi2c_polling_b2b_slave.elf.dir/startup/gcc/startup_K32L2A41A.S.obj
 .debug_line_str
                0x0000032c       0xeb C:/Users/VagnerSilva/.mcuxpressotools/arm-gnu-toolchain-14.2.rel1-mingw-w64-x86_64-arm-none-eabi/bin/../lib/gcc/arm-none-eabi/14.2.1/thumb/v6-m/nofp\libc_nano.a(libc_a-strlen.o)
 .debug_line_str
                0x0000032c       0xcd C:/Users/VagnerSilva/.mcuxpressotools/arm-gnu-toolchain-14.2.rel1-mingw-w64-x86_64-arm-none-eabi/bin/../lib/gcc/arm-none-eabi/14.2.1/thumb/v6-m/nofp\libgcc.a(_thumb1_case_shi.o)
 .debug_line_str
                0x0000032c       0xcd C:/Users/VagnerSilva/.mcuxpressotools/arm-gnu-toolchain-14.2.rel1-mingw-w64-x86_64-arm-none-eabi/bin/../lib/gcc/arm-none-eabi/14.2.1/thumb/v6-m/nofp\libgcc.a(_udivsi3.o)
 .debug_line_str
                0x0000032c       0xcd C:/Users/VagnerSilva/.mcuxpressotools/arm-gnu-toolchain-14.2.rel1-mingw-w64-x86_64-arm-none-eabi/bin/../lib/gcc/arm-none-eabi/14.2.1/thumb/v6-m/nofp\libgcc.a(_dvmd_tls.o)
 .debug_line_str
                0x0000032c       0xcd C:/Users/VagnerSilva/.mcuxpressotools/arm-gnu-toolchain-14.2.rel1-mingw-w64-x86_64-arm-none-eabi/bin/../lib/gcc/arm-none-eabi/14.2.1/thumb/v6-m/nofp\libgcc.a(_aeabi_uldivmod.o)
 .debug_line_str
                0x0000032c       0xcd C:/Users/VagnerSilva/.mcuxpressotools/arm-gnu-toolchain-14.2.rel1-mingw-w64-x86_64-arm-none-eabi/bin/../lib/gcc/arm-none-eabi/14.2.1/thumb/v6-m/nofp\libgcc.a(_clzdi2.o)
 .debug_line_str
                0x0000032c       0xcd C:/Users/VagnerSilva/.mcuxpressotools/arm-gnu-toolchain-14.2.rel1-mingw-w64-x86_64-arm-none-eabi/bin/../lib/gcc/arm-none-eabi/14.2.1/thumb/v6-m/nofp\libgcc.a(_clzsi2.o)

.debug_info     0x00000000     0xd78f
 .debug_info    0x00000000      0x3bf CMakeFiles/lpi2c_polling_b2b_slave.elf.dir/board/board.c.obj
 .debug_info    0x000003bf     0x135f CMakeFiles/lpi2c_polling_b2b_slave.elf.dir/board/clock_config.c.obj
 .debug_info    0x0000171e      0x2f9 CMakeFiles/lpi2c_polling_b2b_slave.elf.dir/board/hardware_init.c.obj
 .debug_info    0x00001a17      0xf4a CMakeFiles/lpi2c_polling_b2b_slave.elf.dir/board/peripherals.c.obj
 .debug_info    0x00002961      0x44b CMakeFiles/lpi2c_polling_b2b_slave.elf.dir/board/pin_mux.c.obj
 .debug_info    0x00002dac      0x75f CMakeFiles/lpi2c_polling_b2b_slave.elf.dir/source/main.c.obj
 .debug_info    0x0000350b     0x1356 CMakeFiles/lpi2c_polling_b2b_slave.elf.dir/Ssd1306/Src/ssd1306.c.obj
 .debug_info    0x00004861      0x212 CMakeFiles/lpi2c_polling_b2b_slave.elf.dir/Ssd1306/Src/ssd1306_fonts.c.obj
 .debug_info    0x00004a73      0xcb4 CMakeFiles/lpi2c_polling_b2b_slave.elf.dir/component/uart/fsl_adapter_lpuart.c.obj
 .debug_info    0x00005727      0x45f CMakeFiles/lpi2c_polling_b2b_slave.elf.dir/startup/gcc/startup_K32L2A41A.S.obj
 .debug_info    0x00005b86      0x348 CMakeFiles/lpi2c_polling_b2b_slave.elf.dir/device/system_K32L2A41A.c.obj
 .debug_info    0x00005ece     0x1791 CMakeFiles/lpi2c_polling_b2b_slave.elf.dir/drivers/fsl_clock.c.obj
 .debug_info    0x0000765f      0x157 CMakeFiles/lpi2c_polling_b2b_slave.elf.dir/drivers/fsl_common_arm.c.obj
 .debug_info    0x000077b6     0x2c31 CMakeFiles/lpi2c_polling_b2b_slave.elf.dir/drivers/fsl_lpi2c.c.obj
 .debug_info    0x0000a3e7     0x2479 CMakeFiles/lpi2c_polling_b2b_slave.elf.dir/drivers/fsl_lpuart.c.obj
 .debug_info    0x0000c860      0x124 CMakeFiles/lpi2c_polling_b2b_slave.elf.dir/utilities/fsl_sbrk.c.obj
 .debug_info    0x0000c984      0x126 CMakeFiles/lpi2c_polling_b2b_slave.elf.dir/utilities/fsl_assert.c.obj
 .debug_info    0x0000caaa      0xce5 CMakeFiles/lpi2c_polling_b2b_slave.elf.dir/utilities/debug_console_lite/fsl_debug_console.c.obj

.debug_abbrev   0x00000000     0x2337
 .debug_abbrev  0x00000000      0x17d CMakeFiles/lpi2c_polling_b2b_slave.elf.dir/board/board.c.obj
 .debug_abbrev  0x0000017d      0x3a4 CMakeFiles/lpi2c_polling_b2b_slave.elf.dir/board/clock_config.c.obj
 .debug_abbrev  0x00000521      0x14d CMakeFiles/lpi2c_polling_b2b_slave.elf.dir/board/hardware_init.c.obj
 .debug_abbrev  0x0000066e      0x1d6 CMakeFiles/lpi2c_polling_b2b_slave.elf.dir/board/peripherals.c.obj
 .debug_abbrev  0x00000844      0x181 CMakeFiles/lpi2c_polling_b2b_slave.elf.dir/board/pin_mux.c.obj
 .debug_abbrev  0x000009c5      0x1dc CMakeFiles/lpi2c_polling_b2b_slave.elf.dir/source/main.c.obj
 .debug_abbrev  0x00000ba1      0x3c5 CMakeFiles/lpi2c_polling_b2b_slave.elf.dir/Ssd1306/Src/ssd1306.c.obj
 .debug_abbrev  0x00000f66       0xc4 CMakeFiles/lpi2c_polling_b2b_slave.elf.dir/Ssd1306/Src/ssd1306_fonts.c.obj
 .debug_abbrev  0x0000102a      0x1f9 CMakeFiles/lpi2c_polling_b2b_slave.elf.dir/component/uart/fsl_adapter_lpuart.c.obj
 .debug_abbrev  0x00001223       0x26 CMakeFiles/lpi2c_polling_b2b_slave.elf.dir/startup/gcc/startup_K32L2A41A.S.obj
 .debug_abbrev  0x00001249      0x136 CMakeFiles/lpi2c_polling_b2b_slave.elf.dir/device/system_K32L2A41A.c.obj
 .debug_abbrev  0x0000137f      0x32b CMakeFiles/lpi2c_polling_b2b_slave.elf.dir/drivers/fsl_clock.c.obj
 .debug_abbrev  0x000016aa       0xdc CMakeFiles/lpi2c_polling_b2b_slave.elf.dir/drivers/fsl_common_arm.c.obj
 .debug_abbrev  0x00001786      0x3ab CMakeFiles/lpi2c_polling_b2b_slave.elf.dir/drivers/fsl_lpi2c.c.obj
 .debug_abbrev  0x00001b31      0x444 CMakeFiles/lpi2c_polling_b2b_slave.elf.dir/drivers/fsl_lpuart.c.obj
 .debug_abbrev  0x00001f75       0xd8 CMakeFiles/lpi2c_polling_b2b_slave.elf.dir/utilities/fsl_sbrk.c.obj
 .debug_abbrev  0x0000204d       0xa8 CMakeFiles/lpi2c_polling_b2b_slave.elf.dir/utilities/fsl_assert.c.obj
 .debug_abbrev  0x000020f5      0x242 CMakeFiles/lpi2c_polling_b2b_slave.elf.dir/utilities/debug_console_lite/fsl_debug_console.c.obj

.debug_aranges  0x00000000      0x8c0
 .debug_aranges
                0x00000000       0x28 CMakeFiles/lpi2c_polling_b2b_slave.elf.dir/board/board.c.obj
 .debug_aranges
                0x00000028       0x80 CMakeFiles/lpi2c_polling_b2b_slave.elf.dir/board/clock_config.c.obj
 .debug_aranges
                0x000000a8       0x28 CMakeFiles/lpi2c_polling_b2b_slave.elf.dir/board/hardware_init.c.obj
 .debug_aranges
                0x000000d0       0x38 CMakeFiles/lpi2c_polling_b2b_slave.elf.dir/board/peripherals.c.obj
 .debug_aranges
                0x00000108       0x38 CMakeFiles/lpi2c_polling_b2b_slave.elf.dir/board/pin_mux.c.obj
 .debug_aranges
                0x00000140       0x38 CMakeFiles/lpi2c_polling_b2b_slave.elf.dir/source/main.c.obj
 .debug_aranges
                0x00000178       0xe0 CMakeFiles/lpi2c_polling_b2b_slave.elf.dir/Ssd1306/Src/ssd1306.c.obj
 .debug_aranges
                0x00000258       0x18 CMakeFiles/lpi2c_polling_b2b_slave.elf.dir/Ssd1306/Src/ssd1306_fonts.c.obj
 .debug_aranges
                0x00000270       0x58 CMakeFiles/lpi2c_polling_b2b_slave.elf.dir/component/uart/fsl_adapter_lpuart.c.obj
 .debug_aranges
                0x000002c8       0x20 CMakeFiles/lpi2c_polling_b2b_slave.elf.dir/startup/gcc/startup_K32L2A41A.S.obj
 .debug_aranges
                0x000002e8       0x30 CMakeFiles/lpi2c_polling_b2b_slave.elf.dir/device/system_K32L2A41A.c.obj
 .debug_aranges
                0x00000318      0x120 CMakeFiles/lpi2c_polling_b2b_slave.elf.dir/drivers/fsl_clock.c.obj
 .debug_aranges
                0x00000438       0x28 CMakeFiles/lpi2c_polling_b2b_slave.elf.dir/drivers/fsl_common_arm.c.obj
 .debug_aranges
                0x00000460      0x208 CMakeFiles/lpi2c_polling_b2b_slave.elf.dir/drivers/fsl_lpi2c.c.obj
 .debug_aranges
                0x00000668      0x198 CMakeFiles/lpi2c_polling_b2b_slave.elf.dir/drivers/fsl_lpuart.c.obj
 .debug_aranges
                0x00000800       0x20 CMakeFiles/lpi2c_polling_b2b_slave.elf.dir/utilities/fsl_sbrk.c.obj
 .debug_aranges
                0x00000820       0x28 CMakeFiles/lpi2c_polling_b2b_slave.elf.dir/utilities/fsl_assert.c.obj
 .debug_aranges
                0x00000848       0x78 CMakeFiles/lpi2c_polling_b2b_slave.elf.dir/utilities/debug_console_lite/fsl_debug_console.c.obj

.debug_rnglists
                0x00000000      0x694
 .debug_rnglists
                0x00000000       0x1a CMakeFiles/lpi2c_polling_b2b_slave.elf.dir/board/board.c.obj
 .debug_rnglists
                0x0000001a       0x5e CMakeFiles/lpi2c_polling_b2b_slave.elf.dir/board/clock_config.c.obj
 .debug_rnglists
                0x00000078       0x1a CMakeFiles/lpi2c_polling_b2b_slave.elf.dir/board/hardware_init.c.obj
 .debug_rnglists
                0x00000092       0x25 CMakeFiles/lpi2c_polling_b2b_slave.elf.dir/board/peripherals.c.obj
 .debug_rnglists
                0x000000b7       0x25 CMakeFiles/lpi2c_polling_b2b_slave.elf.dir/board/pin_mux.c.obj
 .debug_rnglists
                0x000000dc       0x26 CMakeFiles/lpi2c_polling_b2b_slave.elf.dir/source/main.c.obj
 .debug_rnglists
                0x00000102       0xb0 CMakeFiles/lpi2c_polling_b2b_slave.elf.dir/Ssd1306/Src/ssd1306.c.obj
 .debug_rnglists
                0x000001b2       0x41 CMakeFiles/lpi2c_polling_b2b_slave.elf.dir/component/uart/fsl_adapter_lpuart.c.obj
 .debug_rnglists
                0x000001f3       0x20 CMakeFiles/lpi2c_polling_b2b_slave.elf.dir/device/system_K32L2A41A.c.obj
 .debug_rnglists
                0x00000213       0xe2 CMakeFiles/lpi2c_polling_b2b_slave.elf.dir/drivers/fsl_clock.c.obj
 .debug_rnglists
                0x000002f5       0x1a CMakeFiles/lpi2c_polling_b2b_slave.elf.dir/drivers/fsl_common_arm.c.obj
 .debug_rnglists
                0x0000030f      0x1c2 CMakeFiles/lpi2c_polling_b2b_slave.elf.dir/drivers/fsl_lpi2c.c.obj
 .debug_rnglists
                0x000004d1      0x13e CMakeFiles/lpi2c_polling_b2b_slave.elf.dir/drivers/fsl_lpuart.c.obj
 .debug_rnglists
                0x0000060f       0x13 CMakeFiles/lpi2c_polling_b2b_slave.elf.dir/utilities/fsl_sbrk.c.obj
 .debug_rnglists
                0x00000622       0x19 CMakeFiles/lpi2c_polling_b2b_slave.elf.dir/utilities/fsl_assert.c.obj
 .debug_rnglists
                0x0000063b       0x59 CMakeFiles/lpi2c_polling_b2b_slave.elf.dir/utilities/debug_console_lite/fsl_debug_console.c.obj

.debug_line     0x00000000     0x7508
 .debug_line    0x00000000      0x31e CMakeFiles/lpi2c_polling_b2b_slave.elf.dir/board/board.c.obj
 .debug_line    0x0000031e      0x59f CMakeFiles/lpi2c_polling_b2b_slave.elf.dir/board/clock_config.c.obj
 .debug_line    0x000008bd      0x2d8 CMakeFiles/lpi2c_polling_b2b_slave.elf.dir/board/hardware_init.c.obj
 .debug_line    0x00000b95      0x364 CMakeFiles/lpi2c_polling_b2b_slave.elf.dir/board/peripherals.c.obj
 .debug_line    0x00000ef9      0x355 CMakeFiles/lpi2c_polling_b2b_slave.elf.dir/board/pin_mux.c.obj
 .debug_line    0x0000124e      0x4ba CMakeFiles/lpi2c_polling_b2b_slave.elf.dir/source/main.c.obj
 .debug_line    0x00001708      0xa3b CMakeFiles/lpi2c_polling_b2b_slave.elf.dir/Ssd1306/Src/ssd1306.c.obj
 .debug_line    0x00002143      0x1d8 CMakeFiles/lpi2c_polling_b2b_slave.elf.dir/Ssd1306/Src/ssd1306_fonts.c.obj
 .debug_line    0x0000231b      0x53f CMakeFiles/lpi2c_polling_b2b_slave.elf.dir/component/uart/fsl_adapter_lpuart.c.obj
 .debug_line    0x0000285a       0xfc CMakeFiles/lpi2c_polling_b2b_slave.elf.dir/startup/gcc/startup_K32L2A41A.S.obj
 .debug_line    0x00002956      0x2f9 CMakeFiles/lpi2c_polling_b2b_slave.elf.dir/device/system_K32L2A41A.c.obj
 .debug_line    0x00002c4f      0xc22 CMakeFiles/lpi2c_polling_b2b_slave.elf.dir/drivers/fsl_clock.c.obj
 .debug_line    0x00003871      0x25a CMakeFiles/lpi2c_polling_b2b_slave.elf.dir/drivers/fsl_common_arm.c.obj
 .debug_line    0x00003acb     0x1854 CMakeFiles/lpi2c_polling_b2b_slave.elf.dir/drivers/fsl_lpi2c.c.obj
 .debug_line    0x0000531f     0x15c7 CMakeFiles/lpi2c_polling_b2b_slave.elf.dir/drivers/fsl_lpuart.c.obj
 .debug_line    0x000068e6      0x266 CMakeFiles/lpi2c_polling_b2b_slave.elf.dir/utilities/fsl_sbrk.c.obj
 .debug_line    0x00006b4c      0x183 CMakeFiles/lpi2c_polling_b2b_slave.elf.dir/utilities/fsl_assert.c.obj
 .debug_line    0x00006ccf      0x839 CMakeFiles/lpi2c_polling_b2b_slave.elf.dir/utilities/debug_console_lite/fsl_debug_console.c.obj

.debug_str      0x00000000     0x6bac
 .debug_str     0x00000000     0x6bac CMakeFiles/lpi2c_polling_b2b_slave.elf.dir/board/board.c.obj
                                0x635 (size before relaxing)
 .debug_str     0x00006bac     0x1f14 CMakeFiles/lpi2c_polling_b2b_slave.elf.dir/board/clock_config.c.obj
 .debug_str     0x00006bac      0x54d CMakeFiles/lpi2c_polling_b2b_slave.elf.dir/board/hardware_init.c.obj
 .debug_str     0x00006bac     0x1a3c CMakeFiles/lpi2c_polling_b2b_slave.elf.dir/board/peripherals.c.obj
 .debug_str     0x00006bac      0x683 CMakeFiles/lpi2c_polling_b2b_slave.elf.dir/board/pin_mux.c.obj
 .debug_str     0x00006bac      0xedb CMakeFiles/lpi2c_polling_b2b_slave.elf.dir/source/main.c.obj
 .debug_str     0x00006bac     0x157b CMakeFiles/lpi2c_polling_b2b_slave.elf.dir/Ssd1306/Src/ssd1306.c.obj
 .debug_str     0x00006bac      0x2bc CMakeFiles/lpi2c_polling_b2b_slave.elf.dir/Ssd1306/Src/ssd1306_fonts.c.obj
 .debug_str     0x00006bac     0x157d CMakeFiles/lpi2c_polling_b2b_slave.elf.dir/component/uart/fsl_adapter_lpuart.c.obj
 .debug_str     0x00006bac      0x7a7 CMakeFiles/lpi2c_polling_b2b_slave.elf.dir/startup/gcc/startup_K32L2A41A.S.obj
 .debug_str     0x00006bac      0x39d CMakeFiles/lpi2c_polling_b2b_slave.elf.dir/device/system_K32L2A41A.c.obj
 .debug_str     0x00006bac     0x1e0c CMakeFiles/lpi2c_polling_b2b_slave.elf.dir/drivers/fsl_clock.c.obj
 .debug_str     0x00006bac      0x28f CMakeFiles/lpi2c_polling_b2b_slave.elf.dir/drivers/fsl_common_arm.c.obj
 .debug_str     0x00006bac     0x2cce CMakeFiles/lpi2c_polling_b2b_slave.elf.dir/drivers/fsl_lpi2c.c.obj
 .debug_str     0x00006bac     0x2688 CMakeFiles/lpi2c_polling_b2b_slave.elf.dir/drivers/fsl_lpuart.c.obj
 .debug_str     0x00006bac      0x270 CMakeFiles/lpi2c_polling_b2b_slave.elf.dir/utilities/fsl_sbrk.c.obj
 .debug_str     0x00006bac      0x25b CMakeFiles/lpi2c_polling_b2b_slave.elf.dir/utilities/fsl_assert.c.obj
 .debug_str     0x00006bac     0x1458 CMakeFiles/lpi2c_polling_b2b_slave.elf.dir/utilities/debug_console_lite/fsl_debug_console.c.obj

.comment        0x00000000       0x45
 .comment       0x00000000       0x45 CMakeFiles/lpi2c_polling_b2b_slave.elf.dir/board/board.c.obj
                                 0x46 (size before relaxing)
 .comment       0x00000045       0x46 CMakeFiles/lpi2c_polling_b2b_slave.elf.dir/board/clock_config.c.obj
 .comment       0x00000045       0x46 CMakeFiles/lpi2c_polling_b2b_slave.elf.dir/board/hardware_init.c.obj
 .comment       0x00000045       0x46 CMakeFiles/lpi2c_polling_b2b_slave.elf.dir/board/peripherals.c.obj
 .comment       0x00000045       0x46 CMakeFiles/lpi2c_polling_b2b_slave.elf.dir/board/pin_mux.c.obj
 .comment       0x00000045       0x46 CMakeFiles/lpi2c_polling_b2b_slave.elf.dir/source/main.c.obj
 .comment       0x00000045       0x46 CMakeFiles/lpi2c_polling_b2b_slave.elf.dir/Ssd1306/Src/ssd1306.c.obj
 .comment       0x00000045       0x46 CMakeFiles/lpi2c_polling_b2b_slave.elf.dir/Ssd1306/Src/ssd1306_fonts.c.obj
 .comment       0x00000045       0x46 CMakeFiles/lpi2c_polling_b2b_slave.elf.dir/component/uart/fsl_adapter_lpuart.c.obj
 .comment       0x00000045       0x46 CMakeFiles/lpi2c_polling_b2b_slave.elf.dir/device/system_K32L2A41A.c.obj
 .comment       0x00000045       0x46 CMakeFiles/lpi2c_polling_b2b_slave.elf.dir/drivers/fsl_clock.c.obj
 .comment       0x00000045       0x46 CMakeFiles/lpi2c_polling_b2b_slave.elf.dir/drivers/fsl_common_arm.c.obj
 .comment       0x00000045       0x46 CMakeFiles/lpi2c_polling_b2b_slave.elf.dir/drivers/fsl_lpi2c.c.obj
 .comment       0x00000045       0x46 CMakeFiles/lpi2c_polling_b2b_slave.elf.dir/drivers/fsl_lpuart.c.obj
 .comment       0x00000045       0x46 CMakeFiles/lpi2c_polling_b2b_slave.elf.dir/utilities/fsl_sbrk.c.obj
 .comment       0x00000045       0x46 CMakeFiles/lpi2c_polling_b2b_slave.elf.dir/utilities/fsl_assert.c.obj
 .comment       0x00000045       0x46 CMakeFiles/lpi2c_polling_b2b_slave.elf.dir/utilities/debug_console_lite/fsl_debug_console.c.obj

.debug_frame    0x00000000     0x2304
 .debug_frame   0x00000000       0x50 CMakeFiles/lpi2c_polling_b2b_slave.elf.dir/board/board.c.obj
 .debug_frame   0x00000050      0x1a8 CMakeFiles/lpi2c_polling_b2b_slave.elf.dir/board/clock_config.c.obj